[debug] [2026-04-28T11:39:25.852Z] ----------------------------------------------------------------------
[debug] [2026-04-28T11:39:25.856Z] Command:       C:\Program Files\nodejs\node.exe C:\Users\Admin\AppData\Roaming\npm\node_modules\firebase-tools\lib\bin\firebase.js deploy --debug
[debug] [2026-04-28T11:39:25.856Z] CLI Version:   15.2.1
[debug] [2026-04-28T11:39:25.856Z] Platform:      win32
[debug] [2026-04-28T11:39:25.856Z] Node Version:  v24.11.0
[debug] [2026-04-28T11:39:25.857Z] Time:          Tue Apr 28 2026 17:09:25 GMT+0530 (India Standard Time)
[debug] [2026-04-28T11:39:25.857Z] ----------------------------------------------------------------------
[debug] 
[debug] [2026-04-28T11:39:27.675Z] > command requires scopes: ["email","openid","https://www.googleapis.com/auth/cloudplatformprojects.readonly","https://www.googleapis.com/auth/firebase","https://www.googleapis.com/auth/cloud-platform"]
[debug] [2026-04-28T11:39:27.677Z] > authorizing via signed-in user (abusufiyan.belif@gmail.com)
[debug] [2026-04-28T11:39:27.677Z] [iam] checking project docuextract-q8vaa for permissions ["datastore.indexes.create","datastore.indexes.delete","datastore.indexes.list","datastore.indexes.update","firebase.projects.get","firebasehosting.sites.update","firebaserules.releases.create","firebaserules.releases.update","firebaserules.rulesets.create"]
[debug] [2026-04-28T11:39:27.679Z] Checked if tokens are valid: true, expires at: 1777379824216
[debug] [2026-04-28T11:39:27.679Z] Checked if tokens are valid: true, expires at: 1777379824216
[debug] [2026-04-28T11:39:27.680Z] >>> [apiv2][query] POST https://cloudresourcemanager.googleapis.com/v1/projects/docuextract-q8vaa:testIamPermissions [none]
[debug] [2026-04-28T11:39:27.681Z] >>> [apiv2][(partial)header] POST https://cloudresourcemanager.googleapis.com/v1/projects/docuextract-q8vaa:testIamPermissions x-goog-quota-user=projects/docuextract-q8vaa
[debug] [2026-04-28T11:39:27.682Z] >>> [apiv2][body] POST https://cloudresourcemanager.googleapis.com/v1/projects/docuextract-q8vaa:testIamPermissions {"permissions":["datastore.indexes.create","datastore.indexes.delete","datastore.indexes.list","datastore.indexes.update","firebase.projects.get","firebasehosting.sites.update","firebaserules.releases.create","firebaserules.releases.update","firebaserules.rulesets.create"]}
[debug] [2026-04-28T11:39:29.144Z] <<< [apiv2][status] POST https://cloudresourcemanager.googleapis.com/v1/projects/docuextract-q8vaa:testIamPermissions 200
[debug] [2026-04-28T11:39:29.145Z] <<< [apiv2][body] POST https://cloudresourcemanager.googleapis.com/v1/projects/docuextract-q8vaa:testIamPermissions {"permissions":["datastore.indexes.create","datastore.indexes.delete","datastore.indexes.list","datastore.indexes.update","firebase.projects.get","firebasehosting.sites.update","firebaserules.releases.create","firebaserules.releases.update","firebaserules.rulesets.create"]}
[debug] [2026-04-28T11:39:29.147Z] Checked if tokens are valid: true, expires at: 1777379824216
[debug] [2026-04-28T11:39:29.147Z] Checked if tokens are valid: true, expires at: 1777379824216
[debug] [2026-04-28T11:39:29.148Z] >>> [apiv2][query] GET https://firebase.googleapis.com/v1beta1/projects/docuextract-q8vaa [none]
[debug] [2026-04-28T11:39:29.595Z] <<< [apiv2][status] GET https://firebase.googleapis.com/v1beta1/projects/docuextract-q8vaa 200
[debug] [2026-04-28T11:39:29.596Z] <<< [apiv2][body] GET https://firebase.googleapis.com/v1beta1/projects/docuextract-q8vaa {"projectId":"docuextract-q8vaa","projectNumber":"789346423389","displayName":"DocDataExtract AB","name":"projects/docuextract-q8vaa","resources":{"hostingSite":"docuextract-q8vaa"},"state":"ACTIVE","etag":"1_df05d582-f53e-4366-a32a-519b00e35da3"}
[debug] [2026-04-28T11:39:35.500Z] defaultcredentials: writing to file C:\Users\Admin\AppData\Roaming\firebase\abusufiyan_belif_gmail.com_application_default_credentials.json
[debug] [2026-04-28T11:39:35.505Z] Checked if tokens are valid: true, expires at: 1777379824216
[debug] [2026-04-28T11:39:35.505Z] Checked if tokens are valid: true, expires at: 1777379824216
[debug] [2026-04-28T11:39:35.506Z] >>> [apiv2][query] GET https://firebasehosting.googleapis.com/v1beta1/projects/docuextract-q8vaa/sites pageToken=&pageSize=10
[debug] [2026-04-28T11:39:37.834Z] <<< [apiv2][status] GET https://firebasehosting.googleapis.com/v1beta1/projects/docuextract-q8vaa/sites 200
[debug] [2026-04-28T11:39:37.835Z] <<< [apiv2][body] GET https://firebasehosting.googleapis.com/v1beta1/projects/docuextract-q8vaa/sites {"sites":[{"name":"projects/docuextract-q8vaa/sites/docuextract-q8vaa","defaultUrl":"https://docuextract-q8vaa.web.app","appId":"1:789346423389:web:8c001d308f52784a4b73b4","type":"DEFAULT_SITE"}]}
[debug] [2026-04-28T11:39:37.836Z] Checked if tokens are valid: true, expires at: 1777379824216
[debug] [2026-04-28T11:39:37.836Z] Checked if tokens are valid: true, expires at: 1777379824216
[debug] [2026-04-28T11:39:37.837Z] >>> [apiv2][query] GET https://firebase.googleapis.com/v1beta1/projects/-/webApps/1:789346423389:web:8c001d308f52784a4b73b4/config [none]
[debug] [2026-04-28T11:39:38.944Z] <<< [apiv2][status] GET https://firebase.googleapis.com/v1beta1/projects/-/webApps/1:789346423389:web:8c001d308f52784a4b73b4/config 200
[debug] [2026-04-28T11:39:38.945Z] <<< [apiv2][body] GET https://firebase.googleapis.com/v1beta1/projects/-/webApps/1:789346423389:web:8c001d308f52784a4b73b4/config {"projectId":"docuextract-q8vaa","appId":"1:789346423389:web:8c001d308f52784a4b73b4","storageBucket":"docuextract-q8vaa.firebasestorage.app","apiKey":"AIzaSyB2FWOrMbTn7cE3-avI6t5WRcEbpiOE9sY","authDomain":"docuextract-q8vaa.firebaseapp.com","messagingSenderId":"789346423389","projectNumber":"789346423389","version":"2"}
[info] 
   Thank you for trying our early preview of Next.js support on Firebase Hosting.
   During the preview, support is best-effort and breaking changes can be expected. Proceed with caution.

   Documentation: https://firebase.google.com/docs/hosting/frameworks/nextjs
   File a bug: https://github.com/firebase/firebase-tools/issues/new?template=bug_report.md
   Submit a feature request: https://github.com/firebase/firebase-tools/issues/new?template=feature_request.md

   We'd love to learn from you. Express your interest in helping us shape the future of Firebase Hosting: https://goo.gle/41enW5X

[debug] [2026-04-28T11:39:49.922Z] Checked if tokens are valid: true, expires at: 1777379824216
[debug] [2026-04-28T11:39:49.922Z] Checked if tokens are valid: true, expires at: 1777379824216
[debug] [2026-04-28T11:39:49.923Z] >>> [apiv2][query] GET https://firebasehosting.googleapis.com/v1beta1/projects/docuextract-q8vaa/sites/docuextract-q8vaa [none]
[debug] [2026-04-28T11:39:51.046Z] <<< [apiv2][status] GET https://firebasehosting.googleapis.com/v1beta1/projects/docuextract-q8vaa/sites/docuextract-q8vaa 200
[debug] [2026-04-28T11:39:51.047Z] <<< [apiv2][body] GET https://firebasehosting.googleapis.com/v1beta1/projects/docuextract-q8vaa/sites/docuextract-q8vaa {"name":"projects/docuextract-q8vaa/sites/docuextract-q8vaa","defaultUrl":"https://docuextract-q8vaa.web.app","appId":"1:789346423389:web:8c001d308f52784a4b73b4","type":"DEFAULT_SITE"}
[info]   ▲ Next.js 14.2.35

[info]   - Environments: .env.local, .env


[info]    Creating an optimized production build ...

[info]  ⚠ Compiled with warnings


[info] ./node_modules/@opentelemetry/sdk-node/build/src/TracerProviderWithEnvExporter.js
Module not found: Can't resolve '@opentelemetry/exporter-jaeger' in 'C:\Users\Admin\Documents\baitulamal_2026v1\node_modules\@opentelemetry\sdk-node\build\src'

Import trace for requested module:
./node_modules/@opentelemetry/sdk-node/build/src/TracerProviderWithEnvExporter.js
./node_modules/@opentelemetry/sdk-node/build/src/sdk.js
./node_modules/@opentelemetry/sdk-node/build/src/index.js
./node_modules/@genkit-ai/core/lib/tracing/node-telemetry-provider.js
./node_modules/@genkit-ai/core/lib/node.js
./node_modules/genkit/lib/common.js
./node_modules/genkit/lib/index.mjs
./src/ai/genkit.ts
./src/ai/flows/create-education-story.ts
./src/app/api/create-education-story/route.ts

./node_modules/require-in-the-middle/index.js
Critical dependency: require function is used in a way in which dependencies cannot be statically extracted

Import trace for requested module:
./node_modules/require-in-the-middle/index.js
./node_modules/@opentelemetry/instrumentation/build/esm/platform/node/instrumentation.js
./node_modules/@opentelemetry/instrumentation/build/esm/platform/node/index.js
./node_modules/@opentelemetry/instrumentation/build/esm/platform/index.js
./node_modules/@opentelemetry/instrumentation/build/esm/index.js
./node_modules/@opentelemetry/sdk-node/build/src/sdk.js
./node_modules/@opentelemetry/sdk-node/build/src/index.js
./node_modules/@genkit-ai/core/lib/tracing/node-telemetry-provider.js
./node_modules/@genkit-ai/core/lib/node.js
./node_modules/genkit/lib/common.js
./node_modules/genkit/lib/index.mjs
./src/ai/genkit.ts
./src/ai/flows/create-education-story.ts
./src/app/api/create-education-story/route.ts


[info] 


[info] Source path: C:\Users\Admin\Documents\baitulamal_2026v1\src\app\globals.css

[info] Setting up new context...

[info] Finding changed files: 85.753ms

[info] Reading changed files: 2.235s

[info] Sorting candidates: 63.904ms

[info] Generate rules: 1.358s

[info] Build stylesheet: 23.462ms

[info] Potential classes:  17484

[info] Active contexts:  1

[info] JIT TOTAL: 4.477s

[info] 


[info]  ✓ Compiled successfully

[info]    Linting and checking validity of types ...

[info]    Collecting page data ...

[info]  ⚠ Using edge runtime on a page currently disables static generation for that page

[info]    Generating static pages (0/71) ...

[info]    Generating static pages (17/71) 

[info]    Generating static pages (35/71) 

[info]    Generating static pages (53/71) 

[info]  ✓ Generating static pages (71/71)

[info]    Finalizing page optimization ...
   Collecting build traces ...

[info] 

[info] Route (app)                                                Size     First Load JS
┌ ○ /                                                      17.3 kB         386 kB
├ ○ /_not-found                                            291 B            88 kB
├ ○ /analytics                                             20.9 kB         436 kB
├ ƒ /api/create-education-story                            0 B                0 B
├ ƒ /api/create-lead-story                                 0 B                0 B
├ ƒ /api/extract-billing                                   0 B                0 B
├ ƒ /api/extract-dynamic-form                              0 B                0 B
├ ƒ /api/extract-education                                 0 B                0 B
├ ƒ /api/extract-medical                                   0 B                0 B
├ ƒ /api/extract-text                                      0 B                0 B
├ ƒ /api/image-proxy                                       0 B                0 B
├ ƒ /api/run-diagnostic-check                              0 B                0 B
├ ƒ /api/scan-id                                           0 B                0 B
├ ƒ /api/scan-payment                                      0 B                0 B
├ ƒ /apple-icon                                            0 B                0 B
├ ○ /beneficiaries                                         20.6 kB         344 kB
├ ƒ /beneficiaries/[beneficiaryId]                         11 kB           364 kB
├ ○ /beneficiaries/create                                  5.75 kB         343 kB
├ ○ /beneficiaries/summary                                 6.06 kB         405 kB
├ ○ /campaign-members                                      14 kB           369 kB
├ ƒ /campaign-members/[campaignId]                         19.1 kB         324 kB
├ ƒ /campaign-members/[campaignId]/audit                   8.54 kB         274 kB
├ ƒ /campaign-members/[campaignId]/beneficiaries           8.47 kB         400 kB
├ ƒ /campaign-members/[campaignId]/donations               12 kB           389 kB
├ ƒ /campaign-members/[campaignId]/donations/[donationId]  11.3 kB         413 kB
├ ƒ /campaign-members/[campaignId]/donations/summary       5.78 kB         266 kB
├ ƒ /campaign-members/[campaignId]/summary                 25.3 kB         499 kB
├ ○ /campaign-members/create                               5.82 kB         337 kB
├ ○ /campaign-public                                       2.33 kB         336 kB
├ ƒ /campaign-public/[campaignId]                          291 B            88 kB
├ ƒ /campaign-public/[campaignId]/summary                  19.6 kB         404 kB
├ ○ /dashboard                                             10.8 kB         264 kB
├ ○ /diagnostics                                           7.28 kB         261 kB
├ ○ /donate                                                15.4 kB         326 kB
├ ○ /donations                                             15 kB           399 kB
├ ƒ /donations/[donationId]                                15.2 kB         421 kB
├ ○ /donations/summary                                     10.3 kB         429 kB
├ ○ /donor-portal                                          10.4 kB         269 kB
├ ○ /donors                                                17.4 kB         344 kB
├ ƒ /donors/[donorId]                                      18.5 kB         439 kB
├ ○ /donors/summary                                        8.05 kB         360 kB
├ ○ /env-check                                             386 B          88.1 kB
├ ○ /extractor                                             11.9 kB         291 kB
├ ○ /guidance                                              13.2 kB         270 kB
├ ƒ /icon                                                  0 B                0 B
├ ƒ /icon-192.png                                          0 B                0 B
├ ƒ /icon-512.png                                          0 B                0 B
├ ○ /info/donation-info                                    10.9 kB         278 kB
├ ○ /info/guidance                                         8.44 kB         267 kB
├ ○ /info/guiding-principles                               5.62 kB         259 kB
├ ○ /info/members                                          8.98 kB         276 kB
├ ○ /info/organization                                     8.99 kB         276 kB
├ ○ /leads-members                                         14.6 kB         370 kB
├ ƒ /leads-members/[leadId]                                11.6 kB         316 kB
├ ƒ /leads-members/[leadId]/audit                          8.54 kB         274 kB
├ ƒ /leads-members/[leadId]/beneficiaries                  8.16 kB         400 kB
├ ƒ /leads-members/[leadId]/donations                      10.1 kB         406 kB
├ ƒ /leads-members/[leadId]/donations/[donationId]         10.9 kB         413 kB
├ ƒ /leads-members/[leadId]/donations/summary              5 kB            249 kB
├ ƒ /leads-members/[leadId]/summary                        26.5 kB         500 kB
├ ○ /leads-members/create                                  6.42 kB         337 kB
├ ○ /leads-public                                          2.54 kB         336 kB
├ ƒ /leads-public/[leadId]                                 291 B            88 kB
├ ƒ /leads-public/[leadId]/summary                         19.8 kB         405 kB
├ ○ /login                                                 12.6 kB         303 kB
├ ○ /manifest.webmanifest                                  0 B                0 B
├ ○ /messages                                              10.2 kB         304 kB
├ ○ /messages/templateconfig                               10.5 kB         308 kB
├ ○ /portal-login                                          8.77 kB         292 kB
├ ○ /profile                                               13.6 kB         283 kB
├ ○ /public                                                1.11 kB        88.8 kB
├ ○ /public-initiatives                                    5.91 kB         344 kB
├ ○ /public-summary                                        5.73 kB         344 kB
├ ○ /seed                                                  6.56 kB         110 kB
├ ○ /settings                                              377 B          88.1 kB
├ ○ /settings/app                                          16.5 kB         294 kB
├ ○ /settings/beneficiary                                  10.6 kB         290 kB
├ ○ /settings/campaign                                     12.4 kB         295 kB
├ ○ /settings/data-health                                  14.4 kB         297 kB
├ ○ /settings/donation                                     13.4 kB         297 kB
├ ○ /settings/donor                                        10.8 kB         290 kB
├ ○ /settings/guidance                                     12.4 kB         271 kB
├ ○ /settings/info                                         20.6 kB         313 kB
├ ○ /settings/lead                                         12.5 kB         296 kB
├ ○ /settings/members                                      9.3 kB          296 kB
├ ○ /settings/notifications                                17.2 kB         296 kB
├ ○ /settings/resources                                    14.3 kB         272 kB
├ ○ /settings/user                                         12.4 kB         265 kB
├ ○ /settings/viewport                                     10.5 kB         116 kB
├ ○ /story-creator                                         3.58 kB         133 kB
├ ○ /users                                                 19.2 kB         318 kB
├ ƒ /users/[userId]                                        6.63 kB         343 kB
├ ○ /users/create                                          4.48 kB         341 kB
└ ○ /verifications                                         18.1 kB         283 kB
+ First Load JS shared by all                              87.7 kB
  ├ chunks/2117-512cb29321b770d4.js                        31.9 kB
  ├ chunks/fd9d1056-f1906dc3b7d56113.js                    53.6 kB
  └ other shared chunks (total)                            2.18 kB



[info] ○  (Static)   prerendered as static content
ƒ  (Dynamic)  server-rendered on demand


[info] Building a Cloud Function to run this application. This is needed due to:
[info]  • non-static component /api/create-education-story/route
[info]  • non-static component /api/create-lead-story/route
[info]  • non-static component /api/extract-billing/route
[info]  • non-static component /api/extract-dynamic-form/route
[info]  • non-static component /api/extract-medical/route
[debug] [2026-04-28T11:41:58.417Z]  • non-static component /api/extract-text/route
[debug] [2026-04-28T11:41:58.417Z]  • non-static component /api/image-proxy/route
[debug] [2026-04-28T11:41:58.417Z]  • non-static component /api/extract-education/route
[debug] [2026-04-28T11:41:58.418Z]  • non-static component /api/run-diagnostic-check/route
[debug] [2026-04-28T11:41:58.418Z]  • non-static component /api/scan-id/route
[debug] [2026-04-28T11:41:58.418Z]  • non-static component /api/scan-payment/route
[debug] [2026-04-28T11:41:58.419Z]  • non-static component /donors/[donorId]/page
[debug] [2026-04-28T11:41:58.419Z]  • non-static component /campaign-public/[campaignId]/page
[debug] [2026-04-28T11:41:58.420Z]  • non-static component /beneficiaries/[beneficiaryId]/page
[debug] [2026-04-28T11:41:58.420Z]  • non-static component /leads-public/[leadId]/page
[debug] [2026-04-28T11:41:58.420Z]  • non-static component /campaign-members/[campaignId]/audit/page
[debug] [2026-04-28T11:41:58.421Z]  • non-static component /campaign-members/[campaignId]/page
[debug] [2026-04-28T11:41:58.421Z]  • non-static component /campaign-public/[campaignId]/summary/page
[debug] [2026-04-28T11:41:58.421Z]  • non-static component /donations/[donationId]/page
[debug] [2026-04-28T11:41:58.422Z]  • non-static component /leads-members/[leadId]/audit/page
[debug] [2026-04-28T11:41:58.422Z]  • non-static component /leads-members/[leadId]/page
[debug] [2026-04-28T11:41:58.422Z]  • non-static component /leads-public/[leadId]/summary/page
[debug] [2026-04-28T11:41:58.422Z]  • non-static component /users/[userId]/page
[debug] [2026-04-28T11:41:58.423Z]  • non-static component /campaign-members/[campaignId]/donations/page
[debug] [2026-04-28T11:41:58.423Z]  • non-static component /campaign-members/[campaignId]/summary/page
[debug] [2026-04-28T11:41:58.423Z]  • non-static component /campaign-members/[campaignId]/beneficiaries/page
[debug] [2026-04-28T11:41:58.423Z]  • non-static component /leads-members/[leadId]/donations/page
[debug] [2026-04-28T11:41:58.424Z]  • non-static component /leads-members/[leadId]/beneficiaries/page
[debug] [2026-04-28T11:41:58.424Z]  • non-static component /leads-members/[leadId]/summary/page
[debug] [2026-04-28T11:41:58.424Z]  • non-static component /campaign-members/[campaignId]/donations/[donationId]/page
[debug] [2026-04-28T11:41:58.424Z]  • non-static component /leads-members/[leadId]/donations/[donationId]/page
[debug] [2026-04-28T11:41:58.425Z]  • non-static component /leads-members/[leadId]/donations/summary/page
[debug] [2026-04-28T11:41:58.425Z]  • non-static component /campaign-members/[campaignId]/donations/summary/page
[debug] [2026-04-28T11:41:58.425Z]  • non-static component /icon-192.png/route
[debug] [2026-04-28T11:41:58.425Z]  • non-static component /icon-512.png/route
[debug] [2026-04-28T11:41:58.426Z]  • non-static component /icon/route
[debug] [2026-04-28T11:41:58.426Z]  • non-static component /apple-icon/route
[debug] [2026-04-28T11:41:58.426Z]  • route with server action /_not-found
[debug] [2026-04-28T11:41:58.426Z]  • route with server action /donate
[debug] [2026-04-28T11:41:58.427Z]  • route with server action /donors/[donorId]
[debug] [2026-04-28T11:41:58.427Z]  • route with server action /donors
[debug] [2026-04-28T11:41:58.427Z]  • route with server action /donors/summary
[debug] [2026-04-28T11:41:58.427Z]  • route with server action /env-check
[debug] [2026-04-28T11:41:58.427Z]  • route with server action /messages
[debug] [2026-04-28T11:41:58.428Z]  • route with server action /messages/templateconfig
[debug] [2026-04-28T11:41:58.428Z]  • route with server action /
[debug] [2026-04-28T11:41:58.428Z]  • route with server action /portal-login
[debug] [2026-04-28T11:41:58.428Z]  • route with server action /verifications
[debug] [2026-04-28T11:41:58.428Z]  • route with server action /donor-portal
[debug] [2026-04-28T11:41:58.429Z]  • route with server action /settings/data-health
[debug] [2026-04-28T11:41:58.429Z]  • route with server action /settings/donor
[debug] [2026-04-28T11:41:58.429Z]  • route with server action /settings
[debug] [2026-04-28T11:41:58.429Z]  • route with server action /settings/notifications
[debug] [2026-04-28T11:41:58.429Z]  • route with server action /settings/resources
[debug] [2026-04-28T11:41:58.430Z]  • route with server action /analytics
[debug] [2026-04-28T11:41:58.430Z]  • route with server action /campaign-members
[debug] [2026-04-28T11:41:58.430Z]  • route with server action /campaign-public
[debug] [2026-04-28T11:41:58.431Z]  • route with server action /campaign-public/[campaignId]
[debug] [2026-04-28T11:41:58.431Z]  • route with server action /beneficiaries/[beneficiaryId]
[debug] [2026-04-28T11:41:58.431Z]  • route with server action /beneficiaries/create
[debug] [2026-04-28T11:41:58.431Z]  • route with server action /beneficiaries
[debug] [2026-04-28T11:41:58.432Z]  • route with server action /dashboard
[debug] [2026-04-28T11:41:58.432Z]  • route with server action /diagnostics
[debug] [2026-04-28T11:41:58.432Z]  • route with server action /donations
[debug] [2026-04-28T11:41:58.432Z]  • route with server action /info/donation-info
[debug] [2026-04-28T11:41:58.432Z]  • route with server action /guidance
[debug] [2026-04-28T11:41:58.433Z]  • route with server action /extractor
[debug] [2026-04-28T11:41:58.433Z]  • route with server action /info/guiding-principles
[debug] [2026-04-28T11:41:58.433Z]  • route with server action /info/members
[debug] [2026-04-28T11:41:58.433Z]  • route with server action /info/guidance
[debug] [2026-04-28T11:41:58.433Z]  • route with server action /leads-members
[debug] [2026-04-28T11:41:58.434Z]  • route with server action /info/organization
[debug] [2026-04-28T11:41:58.434Z]  • route with server action /leads-public/[leadId]
[debug] [2026-04-28T11:41:58.434Z]  • route with server action /leads-public
[debug] [2026-04-28T11:41:58.434Z]  • route with server action /login
[debug] [2026-04-28T11:41:58.434Z]  • route with server action /public-summary
[debug] [2026-04-28T11:41:58.434Z]  • route with server action /profile
[debug] [2026-04-28T11:41:58.435Z]  • route with server action /public-initiatives
[debug] [2026-04-28T11:41:58.435Z]  • route with server action /seed
[debug] [2026-04-28T11:41:58.435Z]  • route with server action /public
[debug] [2026-04-28T11:41:58.435Z]  • route with server action /users
[debug] [2026-04-28T11:41:58.436Z]  • route with server action /story-creator
[debug] [2026-04-28T11:41:58.436Z]  • route with server action /settings/beneficiary
[debug] [2026-04-28T11:41:58.436Z]  • route with server action /settings/app
[debug] [2026-04-28T11:41:58.436Z]  • route with server action /settings/donation
[debug] [2026-04-28T11:41:58.437Z]  • route with server action /settings/campaign
[debug] [2026-04-28T11:41:58.437Z]  • route with server action /settings/info
[debug] [2026-04-28T11:41:58.437Z]  • route with server action /settings/guidance
[debug] [2026-04-28T11:41:58.438Z]  • route with server action /settings/members
[debug] [2026-04-28T11:41:58.438Z]  • route with server action /settings/lead
[debug] [2026-04-28T11:41:58.438Z]  • route with server action /settings/viewport
[debug] [2026-04-28T11:41:58.439Z]  • route with server action /campaign-members/[campaignId]/audit
[debug] [2026-04-28T11:41:58.439Z]  • route with server action /campaign-members/[campaignId]
[debug] [2026-04-28T11:41:58.439Z]  • route with server action /settings/user
[debug] [2026-04-28T11:41:58.439Z]  • route with server action /campaign-members/create
[debug] [2026-04-28T11:41:58.440Z]  • route with server action /campaign-public/[campaignId]/summary
[debug] [2026-04-28T11:41:58.440Z]  • route with server action /donations/[donationId]
[debug] [2026-04-28T11:41:58.440Z]  • route with server action /donations/summary
[debug] [2026-04-28T11:41:58.440Z]  • route with server action /leads-members/[leadId]/audit
[debug] [2026-04-28T11:41:58.440Z]  • route with server action /leads-members/[leadId]
[debug] [2026-04-28T11:41:58.441Z]  • route with server action /beneficiaries/summary
[debug] [2026-04-28T11:41:58.441Z]  • route with server action /leads-public/[leadId]/summary
[debug] [2026-04-28T11:41:58.441Z]  • route with server action /leads-members/create
[debug] [2026-04-28T11:41:58.441Z]  • route with server action /users/create
[debug] [2026-04-28T11:41:58.442Z]  • route with server action /users/[userId]
[debug] [2026-04-28T11:41:58.442Z]  • route with server action /campaign-members/[campaignId]/donations
[debug] [2026-04-28T11:41:58.442Z]  • route with server action /campaign-members/[campaignId]/summary
[debug] [2026-04-28T11:41:58.442Z]  • route with server action /campaign-members/[campaignId]/beneficiaries
[debug] [2026-04-28T11:41:58.442Z]  • route with server action /leads-members/[leadId]/donations
[debug] [2026-04-28T11:41:58.443Z]  • route with server action /leads-members/[leadId]/beneficiaries
[debug] [2026-04-28T11:41:58.443Z]  • route with server action /leads-members/[leadId]/summary
[debug] [2026-04-28T11:41:58.443Z]  • route with server action /campaign-members/[campaignId]/donations/[donationId]
[debug] [2026-04-28T11:41:58.443Z]  • route with server action /leads-members/[leadId]/donations/[donationId]
[debug] [2026-04-28T11:41:58.444Z]  • route with server action /leads-members/[leadId]/donations/summary
[debug] [2026-04-28T11:41:58.444Z]  • route with server action /campaign-members/[campaignId]/donations/summary
[info] 
[debug] [2026-04-28T11:42:00.831Z] skipping /beneficiaries due to server action
[debug] [2026-04-28T11:42:00.832Z] skipping /beneficiaries/create due to server action
[debug] [2026-04-28T11:42:00.832Z] skipping /analytics due to server action
[debug] [2026-04-28T11:42:00.832Z] skipping /campaign-members due to server action
[debug] [2026-04-28T11:42:00.832Z] skipping /campaign-members/create due to server action
[debug] [2026-04-28T11:42:00.832Z] skipping /campaign-public due to server action
[debug] [2026-04-28T11:42:00.833Z] skipping /dashboard due to server action
[debug] [2026-04-28T11:42:00.833Z] skipping /diagnostics due to server action
[debug] [2026-04-28T11:42:00.833Z] skipping /donate due to server action
[debug] [2026-04-28T11:42:00.833Z] skipping /donations/summary due to server action
[debug] [2026-04-28T11:42:00.833Z] skipping /donations due to server action
[debug] [2026-04-28T11:42:00.833Z] skipping /donor-portal due to server action
[debug] [2026-04-28T11:42:00.833Z] skipping /env-check due to server action
[debug] [2026-04-28T11:42:00.833Z] skipping /beneficiaries/summary due to server action
[debug] [2026-04-28T11:42:00.833Z] skipping /donors due to server action
[debug] [2026-04-28T11:42:00.834Z] skipping /guidance due to server action
[debug] [2026-04-28T11:42:00.834Z] skipping /info/donation-info due to server action
[debug] [2026-04-28T11:42:00.834Z] skipping /info/guiding-principles due to server action
[debug] [2026-04-28T11:42:00.834Z] skipping /info/guidance due to server action
[debug] [2026-04-28T11:42:00.834Z] skipping /extractor due to server action
[debug] [2026-04-28T11:42:00.834Z] skipping /info/members due to server action
[debug] [2026-04-28T11:42:00.834Z] skipping /info/organization due to server action
[debug] [2026-04-28T11:42:00.834Z] skipping /donors/summary due to server action
[debug] [2026-04-28T11:42:00.835Z] skipping /leads-members/create due to server action
[debug] [2026-04-28T11:42:00.835Z] skipping /leads-public due to server action
[debug] [2026-04-28T11:42:00.835Z] skipping /messages due to server action
[debug] [2026-04-28T11:42:00.835Z] skipping /login due to server action
[debug] [2026-04-28T11:42:00.835Z] skipping /messages/templateconfig due to server action
[debug] [2026-04-28T11:42:00.836Z] skipping /leads-members due to server action
[debug] [2026-04-28T11:42:00.836Z] skipping /profile due to server action
[debug] [2026-04-28T11:42:00.836Z] skipping /portal-login due to server action
[debug] [2026-04-28T11:42:00.836Z] skipping / due to server action
[debug] [2026-04-28T11:42:00.836Z] skipping /public due to server action
[debug] [2026-04-28T11:42:00.837Z] skipping /public-summary due to server action
[debug] [2026-04-28T11:42:00.837Z] skipping /public-initiatives due to server action
[debug] [2026-04-28T11:42:00.837Z] skipping /settings/beneficiary due to server action
[debug] [2026-04-28T11:42:00.837Z] skipping /settings/app due to server action
[debug] [2026-04-28T11:42:00.837Z] skipping /settings/campaign due to server action
[debug] [2026-04-28T11:42:00.838Z] skipping /settings/data-health due to server action
[debug] [2026-04-28T11:42:00.838Z] skipping /seed due to server action
[debug] [2026-04-28T11:42:00.838Z] skipping /settings/donor due to server action
[debug] [2026-04-28T11:42:00.838Z] skipping /settings/guidance due to server action
[debug] [2026-04-28T11:42:00.838Z] skipping /settings/donation due to server action
[debug] [2026-04-28T11:42:00.838Z] skipping /settings/members due to server action
[debug] [2026-04-28T11:42:00.839Z] skipping /settings/lead due to server action
[debug] [2026-04-28T11:42:00.839Z] skipping /settings due to server action
[debug] [2026-04-28T11:42:00.839Z] skipping /settings/notifications due to server action
[debug] [2026-04-28T11:42:00.839Z] skipping /settings/resources due to server action
[debug] [2026-04-28T11:42:00.839Z] skipping /settings/user due to server action
[debug] [2026-04-28T11:42:00.840Z] skipping /settings/info due to server action
[debug] [2026-04-28T11:42:00.840Z] skipping /settings/viewport due to server action
[debug] [2026-04-28T11:42:00.840Z] skipping /story-creator due to server action
[debug] [2026-04-28T11:42:00.840Z] skipping /users/create due to server action
[debug] [2026-04-28T11:42:00.840Z] skipping /verifications due to server action
[debug] [2026-04-28T11:42:00.840Z] skipping /users due to server action
[debug] [2026-04-28T11:48:05.986Z] Checked if tokens are valid: true, expires at: 1777379824216
[debug] [2026-04-28T11:48:05.987Z] Checked if tokens are valid: true, expires at: 1777379824216
[debug] [2026-04-28T11:48:05.987Z] >>> [apiv2][query] GET https://firebasehosting.googleapis.com/v1beta1/projects/docuextract-q8vaa/sites/docuextract-q8vaa [none]
[debug] [2026-04-28T11:48:07.187Z] <<< [apiv2][status] GET https://firebasehosting.googleapis.com/v1beta1/projects/docuextract-q8vaa/sites/docuextract-q8vaa 200
[debug] [2026-04-28T11:48:07.194Z] <<< [apiv2][body] GET https://firebasehosting.googleapis.com/v1beta1/projects/docuextract-q8vaa/sites/docuextract-q8vaa {"name":"projects/docuextract-q8vaa/sites/docuextract-q8vaa","defaultUrl":"https://docuextract-q8vaa.web.app","appId":"1:789346423389:web:8c001d308f52784a4b73b4","type":"DEFAULT_SITE"}
[debug] [2026-04-28T11:50:52.355Z] [web frameworks] effective firebase.json:  {
  "hosting": [
    {
      "source": ".",
      "ignore": [
        "firebase.json",
        "**/.*",
        "**/node_modules/**"
      ],
      "frameworksBackend": {
        "region": "us-central1"
      },
      "site": "docuextract-q8vaa",
      "rewrites": [
        {
          "source": "**",
          "function": {
            "functionId": "ssrdocuextractq8vaa",
            "region": "us-central1",
            "pinTag": true
          }
        }
      ],
      "redirects": [],
      "headers": [
        {
          "source": "/donate",
          "headers": [
            {
              "key": "x-next-cache-tags",
              "value": "_N_T_/layout,_N_T_/donate/layout,_N_T_/donate/page,_N_T_/donate"
            }
          ]
        },
        {
          "source": "/_not-found",
          "headers": [
            {
              "key": "x-next-cache-tags",
              "value": "_N_T_/layout,_N_T_/_not-found/layout,_N_T_/_not-found/page,_N_T_/_not-found"
            }
          ]
        },
        {
          "source": "/donors/summary",
          "headers": [
            {
              "key": "x-next-cache-tags",
              "value": "_N_T_/layout,_N_T_/donors/layout,_N_T_/donors/summary/layout,_N_T_/donors/summary/page,_N_T_/donors/summary"
            }
          ]
        },
        {
          "source": "/env-check",
          "headers": [
            {
              "key": "x-next-cache-tags",
              "value": "_N_T_/layout,_N_T_/env-check/layout,_N_T_/env-check/page,_N_T_/env-check"
            }
          ]
        },
        {
          "source": "/messages",
          "headers": [
            {
              "key": "x-next-cache-tags",
              "value": "_N_T_/layout,_N_T_/messages/layout,_N_T_/messages/page,_N_T_/messages"
            }
          ]
        },
        {
          "source": "/donors",
          "headers": [
            {
              "key": "x-next-cache-tags",
              "value": "_N_T_/layout,_N_T_/donors/layout,_N_T_/donors/page,_N_T_/donors"
            }
          ]
        },
        {
          "source": "/favicon.ico",
          "headers": [
            {
              "key": "cache-control",
              "value": "public, max-age=0, must-revalidate"
            },
            {
              "key": "content-type",
              "value": "image/x-icon"
            },
            {
              "key": "x-next-cache-tags",
              "value": "_N_T_/layout,_N_T_/favicon.ico/layout,_N_T_/favicon.ico/route,_N_T_/favicon.ico"
            }
          ]
        },
        {
          "source": "/messages/templateconfig",
          "headers": [
            {
              "key": "x-next-cache-tags",
              "value": "_N_T_/layout,_N_T_/messages/layout,_N_T_/messages/templateconfig/layout,_N_T_/messages/templateconfig/page,_N_T_/messages/templateconfig"
            }
          ]
        },
        {
          "source": "/verifications",
          "headers": [
            {
              "key": "x-next-cache-tags",
              "value": "_N_T_/layout,_N_T_/verifications/layout,_N_T_/verifications/page,_N_T_/verifications"
            }
          ]
        },
        {
          "source": "/manifest.webmanifest",
          "headers": [
            {
              "key": "cache-control",
              "value": "public, max-age=0, must-revalidate"
            },
            {
              "key": "content-type",
              "value": "application/manifest+json"
            },
            {
              "key": "x-next-cache-tags",
              "value": "_N_T_/layout,_N_T_/manifest.webmanifest/layout,_N_T_/manifest.webmanifest/route,_N_T_/manifest.webmanifest"
            }
          ]
        },
        {
          "source": "/portal-login",
          "headers": [
            {
              "key": "x-next-cache-tags",
              "value": "_N_T_/layout,_N_T_/portal-login/layout,_N_T_/portal-login/page,_N_T_/portal-login"
            }
          ]
        },
        {
          "source": "/donor-portal",
          "headers": [
            {
              "key": "x-next-cache-tags",
              "value": "_N_T_/layout,_N_T_/donor-portal/layout,_N_T_/donor-portal/page,_N_T_/donor-portal"
            }
          ]
        },
        {
          "source": "/settings/data-health",
          "headers": [
            {
              "key": "x-next-cache-tags",
              "value": "_N_T_/layout,_N_T_/settings/layout,_N_T_/settings/data-health/layout,_N_T_/settings/data-health/page,_N_T_/settings/data-health"
            }
          ]
        },
        {
          "source": "/settings",
          "headers": [
            {
              "key": "x-next-cache-tags",
              "value": "_N_T_/layout,_N_T_/settings/layout,_N_T_/settings/page,_N_T_/settings"
            }
          ]
        },
        {
          "source": "/settings/notifications",
          "headers": [
            {
              "key": "x-next-cache-tags",
              "value": "_N_T_/layout,_N_T_/settings/layout,_N_T_/settings/notifications/layout,_N_T_/settings/notifications/page,_N_T_/settings/notifications"
            }
          ]
        },
        {
          "source": "/settings/donor",
          "headers": [
            {
              "key": "x-next-cache-tags",
              "value": "_N_T_/layout,_N_T_/settings/layout,_N_T_/settings/donor/layout,_N_T_/settings/donor/page,_N_T_/settings/donor"
            }
          ]
        },
        {
          "source": "/analytics",
          "headers": [
            {
              "key": "x-next-cache-tags",
              "value": "_N_T_/layout,_N_T_/analytics/layout,_N_T_/analytics/page,_N_T_/analytics"
            }
          ]
        },
        {
          "source": "/settings/resources",
          "headers": [
            {
              "key": "x-next-cache-tags",
              "value": "_N_T_/layout,_N_T_/settings/layout,_N_T_/settings/resources/layout,_N_T_/settings/resources/page,_N_T_/settings/resources"
            }
          ]
        },
        {
          "source": "/campaign-public",
          "headers": [
            {
              "key": "x-next-cache-tags",
              "value": "_N_T_/layout,_N_T_/campaign-public/layout,_N_T_/campaign-public/page,_N_T_/campaign-public"
            }
          ]
        },
        {
          "source": "/campaign-members",
          "headers": [
            {
              "key": "x-next-cache-tags",
              "value": "_N_T_/layout,_N_T_/campaign-members/layout,_N_T_/campaign-members/page,_N_T_/campaign-members"
            }
          ]
        },
        {
          "source": "/beneficiaries",
          "headers": [
            {
              "key": "x-next-cache-tags",
              "value": "_N_T_/layout,_N_T_/beneficiaries/layout,_N_T_/beneficiaries/page,_N_T_/beneficiaries"
            }
          ]
        },
        {
          "source": "/beneficiaries/create",
          "headers": [
            {
              "key": "x-next-cache-tags",
              "value": "_N_T_/layout,_N_T_/beneficiaries/layout,_N_T_/beneficiaries/create/layout,_N_T_/beneficiaries/create/page,_N_T_/beneficiaries/create"
            }
          ]
        },
        {
          "source": "/diagnostics",
          "headers": [
            {
              "key": "x-next-cache-tags",
              "value": "_N_T_/layout,_N_T_/diagnostics/layout,_N_T_/diagnostics/page,_N_T_/diagnostics"
            }
          ]
        },
        {
          "source": "/dashboard",
          "headers": [
            {
              "key": "x-next-cache-tags",
              "value": "_N_T_/layout,_N_T_/dashboard/layout,_N_T_/dashboard/page,_N_T_/dashboard"
            }
          ]
        },
        {
          "source": "/donations",
          "headers": [
            {
              "key": "x-next-cache-tags",
              "value": "_N_T_/layout,_N_T_/donations/layout,_N_T_/donations/page,_N_T_/donations"
            }
          ]
        },
        {
          "source": "/info/donation-info",
          "headers": [
            {
              "key": "x-next-cache-tags",
              "value": "_N_T_/layout,_N_T_/info/layout,_N_T_/info/donation-info/layout,_N_T_/info/donation-info/page,_N_T_/info/donation-info"
            }
          ]
        },
        {
          "source": "/extractor",
          "headers": [
            {
              "key": "x-next-cache-tags",
              "value": "_N_T_/layout,_N_T_/extractor/layout,_N_T_/extractor/page,_N_T_/extractor"
            }
          ]
        },
        {
          "source": "/guidance",
          "headers": [
            {
              "key": "x-next-cache-tags",
              "value": "_N_T_/layout,_N_T_/guidance/layout,_N_T_/guidance/page,_N_T_/guidance"
            }
          ]
        },
        {
          "source": "/info/members",
          "headers": [
            {
              "key": "x-next-cache-tags",
              "value": "_N_T_/layout,_N_T_/info/layout,_N_T_/info/members/layout,_N_T_/info/members/page,_N_T_/info/members"
            }
          ]
        },
        {
          "source": "/info/guiding-principles",
          "headers": [
            {
              "key": "x-next-cache-tags",
              "value": "_N_T_/layout,_N_T_/info/layout,_N_T_/info/guiding-principles/layout,_N_T_/info/guiding-principles/page,_N_T_/info/guiding-principles"
            }
          ]
        },
        {
          "source": "/leads-members",
          "headers": [
            {
              "key": "x-next-cache-tags",
              "value": "_N_T_/layout,_N_T_/leads-members/layout,_N_T_/leads-members/page,_N_T_/leads-members"
            }
          ]
        },
        {
          "source": "/info/guidance",
          "headers": [
            {
              "key": "x-next-cache-tags",
              "value": "_N_T_/layout,_N_T_/info/layout,_N_T_/info/guidance/layout,_N_T_/info/guidance/page,_N_T_/info/guidance"
            }
          ]
        },
        {
          "source": "/leads-public",
          "headers": [
            {
              "key": "x-next-cache-tags",
              "value": "_N_T_/layout,_N_T_/leads-public/layout,_N_T_/leads-public/page,_N_T_/leads-public"
            }
          ]
        },
        {
          "source": "/info/organization",
          "headers": [
            {
              "key": "x-next-cache-tags",
              "value": "_N_T_/layout,_N_T_/info/layout,_N_T_/info/organization/layout,_N_T_/info/organization/page,_N_T_/info/organization"
            }
          ]
        },
        {
          "source": "/login",
          "headers": [
            {
              "key": "x-next-cache-tags",
              "value": "_N_T_/layout,_N_T_/login/layout,_N_T_/login/page,_N_T_/login"
            }
          ]
        },
        {
          "source": "/public-summary",
          "headers": [
            {
              "key": "x-next-cache-tags",
              "value": "_N_T_/layout,_N_T_/public-summary/layout,_N_T_/public-summary/page,_N_T_/public-summary"
            }
          ]
        },
        {
          "source": "/profile",
          "headers": [
            {
              "key": "x-next-cache-tags",
              "value": "_N_T_/layout,_N_T_/profile/layout,_N_T_/profile/page,_N_T_/profile"
            }
          ]
        },
        {
          "source": "/public-initiatives",
          "headers": [
            {
              "key": "x-next-cache-tags",
              "value": "_N_T_/layout,_N_T_/public-initiatives/layout,_N_T_/public-initiatives/page,_N_T_/public-initiatives"
            }
          ]
        },
        {
          "source": "/public",
          "headers": [
            {
              "key": "x-next-cache-tags",
              "value": "_N_T_/layout,_N_T_/public/layout,_N_T_/public/page,_N_T_/public"
            }
          ]
        },
        {
          "source": "/seed",
          "headers": [
            {
              "key": "x-next-cache-tags",
              "value": "_N_T_/layout,_N_T_/seed/layout,_N_T_/seed/page,_N_T_/seed"
            }
          ]
        },
        {
          "source": "/story-creator",
          "headers": [
            {
              "key": "x-next-cache-tags",
              "value": "_N_T_/layout,_N_T_/story-creator/layout,_N_T_/story-creator/page,_N_T_/story-creator"
            }
          ]
        },
        {
          "source": "/users",
          "headers": [
            {
              "key": "x-next-cache-tags",
              "value": "_N_T_/layout,_N_T_/users/layout,_N_T_/users/page,_N_T_/users"
            }
          ]
        },
        {
          "source": "/settings/beneficiary",
          "headers": [
            {
              "key": "x-next-cache-tags",
              "value": "_N_T_/layout,_N_T_/settings/layout,_N_T_/settings/beneficiary/layout,_N_T_/settings/beneficiary/page,_N_T_/settings/beneficiary"
            }
          ]
        },
        {
          "source": "/settings/app",
          "headers": [
            {
              "key": "x-next-cache-tags",
              "value": "_N_T_/layout,_N_T_/settings/layout,_N_T_/settings/app/layout,_N_T_/settings/app/page,_N_T_/settings/app"
            }
          ]
        },
        {
          "source": "/settings/donation",
          "headers": [
            {
              "key": "x-next-cache-tags",
              "value": "_N_T_/layout,_N_T_/settings/layout,_N_T_/settings/donation/layout,_N_T_/settings/donation/page,_N_T_/settings/donation"
            }
          ]
        },
        {
          "source": "/settings/campaign",
          "headers": [
            {
              "key": "x-next-cache-tags",
              "value": "_N_T_/layout,_N_T_/settings/layout,_N_T_/settings/campaign/layout,_N_T_/settings/campaign/page,_N_T_/settings/campaign"
            }
          ]
        },
        {
          "source": "/settings/info",
          "headers": [
            {
              "key": "x-next-cache-tags",
              "value": "_N_T_/layout,_N_T_/settings/layout,_N_T_/settings/info/layout,_N_T_/settings/info/page,_N_T_/settings/info"
            }
          ]
        },
        {
          "source": "/settings/members",
          "headers": [
            {
              "key": "x-next-cache-tags",
              "value": "_N_T_/layout,_N_T_/settings/layout,_N_T_/settings/members/layout,_N_T_/settings/members/page,_N_T_/settings/members"
            }
          ]
        },
        {
          "source": "/settings/guidance",
          "headers": [
            {
              "key": "x-next-cache-tags",
              "value": "_N_T_/layout,_N_T_/settings/layout,_N_T_/settings/guidance/layout,_N_T_/settings/guidance/page,_N_T_/settings/guidance"
            }
          ]
        },
        {
          "source": "/settings/lead",
          "headers": [
            {
              "key": "x-next-cache-tags",
              "value": "_N_T_/layout,_N_T_/settings/layout,_N_T_/settings/lead/layout,_N_T_/settings/lead/page,_N_T_/settings/lead"
            }
          ]
        },
        {
          "source": "/settings/user",
          "headers": [
            {
              "key": "x-next-cache-tags",
              "value": "_N_T_/layout,_N_T_/settings/layout,_N_T_/settings/user/layout,_N_T_/settings/user/page,_N_T_/settings/user"
            }
          ]
        },
        {
          "source": "/campaign-members/create",
          "headers": [
            {
              "key": "x-next-cache-tags",
              "value": "_N_T_/layout,_N_T_/campaign-members/layout,_N_T_/campaign-members/create/layout,_N_T_/campaign-members/create/page,_N_T_/campaign-members/create"
            }
          ]
        },
        {
          "source": "/settings/viewport",
          "headers": [
            {
              "key": "x-next-cache-tags",
              "value": "_N_T_/layout,_N_T_/settings/layout,_N_T_/settings/viewport/layout,_N_T_/settings/viewport/page,_N_T_/settings/viewport"
            }
          ]
        },
        {
          "source": "/donations/summary",
          "headers": [
            {
              "key": "x-next-cache-tags",
              "value": "_N_T_/layout,_N_T_/donations/layout,_N_T_/donations/summary/layout,_N_T_/donations/summary/page,_N_T_/donations/summary"
            }
          ]
        },
        {
          "source": "/beneficiaries/summary",
          "headers": [
            {
              "key": "x-next-cache-tags",
              "value": "_N_T_/layout,_N_T_/beneficiaries/layout,_N_T_/beneficiaries/summary/layout,_N_T_/beneficiaries/summary/page,_N_T_/beneficiaries/summary"
            }
          ]
        },
        {
          "source": "/leads-members/create",
          "headers": [
            {
              "key": "x-next-cache-tags",
              "value": "_N_T_/layout,_N_T_/leads-members/layout,_N_T_/leads-members/create/layout,_N_T_/leads-members/create/page,_N_T_/leads-members/create"
            }
          ]
        },
        {
          "source": "/users/create",
          "headers": [
            {
              "key": "x-next-cache-tags",
              "value": "_N_T_/layout,_N_T_/users/layout,_N_T_/users/create/layout,_N_T_/users/create/page,_N_T_/users/create"
            }
          ]
        },
        {
          "source": "**/*.[jt]s",
          "headers": [
            {
              "key": "Set-Cookie",
              "value": "__FIREBASE_DEFAULTS__=eyJjb25maWciOnsicHJvamVjdElkIjoiZG9jdWV4dHJhY3QtcTh2YWEiLCJhcHBJZCI6IjE6Nzg5MzQ2NDIzMzg5OndlYjo4YzAwMWQzMDhmNTI3ODRhNGI3M2I0Iiwic3RvcmFnZUJ1Y2tldCI6ImRvY3VleHRyYWN0LXE4dmFhLmZpcmViYXNlc3RvcmFnZS5hcHAiLCJhcGlLZXkiOiJBSXphU3lCMkZXT3JNYlRuN2NFMy1hdkk2dDVXUmNFYnBpT0U5c1kiLCJhdXRoRG9tYWluIjoiZG9jdWV4dHJhY3QtcTh2YWEuZmlyZWJhc2VhcHAuY29tIiwibWVzc2FnaW5nU2VuZGVySWQiOiI3ODkzNDY0MjMzODkiLCJwcm9qZWN0TnVtYmVyIjoiNzg5MzQ2NDIzMzg5IiwidmVyc2lvbiI6IjIifSwiX2F1dGhUb2tlblN5bmNVUkwiOiIvX19zZXNzaW9uIn0; SameSite=Strict; Expires=2028-03-22T22:30:52.355Z; Path=/;"
            }
          ]
        }
      ],
      "cleanUrls": true,
      "trailingSlash": false,
      "public": ".firebase\\docuextract-q8vaa\\hosting",
      "webFramework": "next_ssr"
    }
  ],
  "functions": [
    {
      "source": ".firebase\\docuextract-q8vaa\\functions",
      "codebase": "firebase-frameworks-docuextract-q8vaa"
    }
  ]
}
[debug] [2026-04-28T11:50:52.365Z] > command requires scopes: ["email","openid","https://www.googleapis.com/auth/cloudplatformprojects.readonly","https://www.googleapis.com/auth/firebase","https://www.googleapis.com/auth/cloud-platform"]
[debug] [2026-04-28T11:50:52.366Z] > authorizing via signed-in user (abusufiyan.belif@gmail.com)
[debug] [2026-04-28T11:50:52.366Z] [iam] checking project docuextract-q8vaa for permissions ["cloudfunctions.functions.create","cloudfunctions.functions.delete","cloudfunctions.functions.get","cloudfunctions.functions.list","cloudfunctions.functions.update","cloudfunctions.operations.get","firebase.projects.get"]
[debug] [2026-04-28T11:50:52.367Z] Checked if tokens are valid: true, expires at: 1777379824216
[debug] [2026-04-28T11:50:52.367Z] Checked if tokens are valid: true, expires at: 1777379824216
[debug] [2026-04-28T11:50:52.368Z] >>> [apiv2][query] POST https://cloudresourcemanager.googleapis.com/v1/projects/docuextract-q8vaa:testIamPermissions [none]
[debug] [2026-04-28T11:50:52.368Z] >>> [apiv2][(partial)header] POST https://cloudresourcemanager.googleapis.com/v1/projects/docuextract-q8vaa:testIamPermissions x-goog-quota-user=projects/docuextract-q8vaa
[debug] [2026-04-28T11:50:52.368Z] >>> [apiv2][body] POST https://cloudresourcemanager.googleapis.com/v1/projects/docuextract-q8vaa:testIamPermissions {"permissions":["cloudfunctions.functions.create","cloudfunctions.functions.delete","cloudfunctions.functions.get","cloudfunctions.functions.list","cloudfunctions.functions.update","cloudfunctions.operations.get","firebase.projects.get"]}
[debug] [2026-04-28T11:50:53.741Z] <<< [apiv2][status] POST https://cloudresourcemanager.googleapis.com/v1/projects/docuextract-q8vaa:testIamPermissions 200
[debug] [2026-04-28T11:50:53.742Z] <<< [apiv2][body] POST https://cloudresourcemanager.googleapis.com/v1/projects/docuextract-q8vaa:testIamPermissions {"permissions":["cloudfunctions.functions.create","cloudfunctions.functions.delete","cloudfunctions.functions.get","cloudfunctions.functions.list","cloudfunctions.functions.update","cloudfunctions.operations.get","firebase.projects.get"]}
[info] 
[info] === Deploying to 'docuextract-q8vaa'...
[info] 
[info] i  deploying functions, storage, firestore, hosting 
[debug] [2026-04-28T11:50:53.772Z] Checked if tokens are valid: true, expires at: 1777379824216
[debug] [2026-04-28T11:50:53.772Z] Checked if tokens are valid: true, expires at: 1777379824216
[debug] [2026-04-28T11:50:53.772Z] >>> [apiv2][query] GET https://cloudresourcemanager.googleapis.com/v1/projects/docuextract-q8vaa [none]
[debug] [2026-04-28T11:50:54.089Z] <<< [apiv2][status] GET https://cloudresourcemanager.googleapis.com/v1/projects/docuextract-q8vaa 200
[debug] [2026-04-28T11:50:54.089Z] <<< [apiv2][body] GET https://cloudresourcemanager.googleapis.com/v1/projects/docuextract-q8vaa {"projectNumber":"789346423389","projectId":"docuextract-q8vaa","lifecycleState":"ACTIVE","name":"DocDataExtract AB","labels":{"monospace-workspace-id":"studio-2720090959","firebase":"enabled","firebase-core":"disabled"},"createTime":"2025-09-06T12:22:30.952339Z"}
[info] i  functions: preparing codebase firebase-frameworks-docuextract-q8vaa for deployment 
[info] i  functions: ensuring required API cloudfunctions.googleapis.com is enabled... 
[debug] [2026-04-28T11:50:54.093Z] Checked if tokens are valid: true, expires at: 1777379824216
[debug] [2026-04-28T11:50:54.093Z] Checked if tokens are valid: true, expires at: 1777379824216
[debug] [2026-04-28T11:50:54.095Z] Checked if tokens are valid: true, expires at: 1777379824216
[debug] [2026-04-28T11:50:54.095Z] Checked if tokens are valid: true, expires at: 1777379824216
[info] i  functions: ensuring required API cloudbuild.googleapis.com is enabled... 
[debug] [2026-04-28T11:50:54.097Z] Checked if tokens are valid: true, expires at: 1777379824216
[debug] [2026-04-28T11:50:54.097Z] Checked if tokens are valid: true, expires at: 1777379824216
[info] i  artifactregistry: ensuring required API artifactregistry.googleapis.com is enabled... 
[debug] [2026-04-28T11:50:54.099Z] Checked if tokens are valid: true, expires at: 1777379824216
[debug] [2026-04-28T11:50:54.099Z] Checked if tokens are valid: true, expires at: 1777379824216
[debug] [2026-04-28T11:50:54.100Z] >>> [apiv2][query] GET https://serviceusage.googleapis.com/v1/projects/docuextract-q8vaa/services/cloudfunctions.googleapis.com [none]
[debug] [2026-04-28T11:50:54.100Z] >>> [apiv2][(partial)header] GET https://serviceusage.googleapis.com/v1/projects/docuextract-q8vaa/services/cloudfunctions.googleapis.com x-goog-quota-user=projects/docuextract-q8vaa
[debug] [2026-04-28T11:50:54.105Z] >>> [apiv2][query] GET https://serviceusage.googleapis.com/v1/projects/docuextract-q8vaa/services/runtimeconfig.googleapis.com [none]
[debug] [2026-04-28T11:50:54.105Z] >>> [apiv2][(partial)header] GET https://serviceusage.googleapis.com/v1/projects/docuextract-q8vaa/services/runtimeconfig.googleapis.com x-goog-quota-user=projects/docuextract-q8vaa
[debug] [2026-04-28T11:50:54.109Z] >>> [apiv2][query] GET https://serviceusage.googleapis.com/v1/projects/docuextract-q8vaa/services/cloudbuild.googleapis.com [none]
[debug] [2026-04-28T11:50:54.109Z] >>> [apiv2][(partial)header] GET https://serviceusage.googleapis.com/v1/projects/docuextract-q8vaa/services/cloudbuild.googleapis.com x-goog-quota-user=projects/docuextract-q8vaa
[debug] [2026-04-28T11:50:54.112Z] >>> [apiv2][query] GET https://serviceusage.googleapis.com/v1/projects/docuextract-q8vaa/services/artifactregistry.googleapis.com [none]
[debug] [2026-04-28T11:50:54.112Z] >>> [apiv2][(partial)header] GET https://serviceusage.googleapis.com/v1/projects/docuextract-q8vaa/services/artifactregistry.googleapis.com x-goog-quota-user=projects/docuextract-q8vaa
[debug] [2026-04-28T11:50:55.993Z] <<< [apiv2][status] GET https://serviceusage.googleapis.com/v1/projects/docuextract-q8vaa/services/cloudbuild.googleapis.com 200
[debug] [2026-04-28T11:50:55.993Z] <<< [apiv2][body] GET https://serviceusage.googleapis.com/v1/projects/docuextract-q8vaa/services/cloudbuild.googleapis.com [omitted]
[info] +  functions: required API cloudbuild.googleapis.com is enabled 
[debug] [2026-04-28T11:50:56.012Z] <<< [apiv2][status] GET https://serviceusage.googleapis.com/v1/projects/docuextract-q8vaa/services/runtimeconfig.googleapis.com 200
[debug] [2026-04-28T11:50:56.012Z] <<< [apiv2][body] GET https://serviceusage.googleapis.com/v1/projects/docuextract-q8vaa/services/runtimeconfig.googleapis.com [omitted]
[debug] [2026-04-28T11:50:56.027Z] <<< [apiv2][status] GET https://serviceusage.googleapis.com/v1/projects/docuextract-q8vaa/services/artifactregistry.googleapis.com 200
[debug] [2026-04-28T11:50:56.028Z] <<< [apiv2][body] GET https://serviceusage.googleapis.com/v1/projects/docuextract-q8vaa/services/artifactregistry.googleapis.com [omitted]
[info] +  artifactregistry: required API artifactregistry.googleapis.com is enabled 
[debug] [2026-04-28T11:50:56.052Z] <<< [apiv2][status] GET https://serviceusage.googleapis.com/v1/projects/docuextract-q8vaa/services/cloudfunctions.googleapis.com 200
[debug] [2026-04-28T11:50:56.052Z] <<< [apiv2][body] GET https://serviceusage.googleapis.com/v1/projects/docuextract-q8vaa/services/cloudfunctions.googleapis.com [omitted]
[warn] !  functions: missing required API cloudfunctions.googleapis.com. Enabling now... 
[debug] [2026-04-28T11:50:56.055Z] Checked if tokens are valid: true, expires at: 1777379824216
[debug] [2026-04-28T11:50:56.055Z] Checked if tokens are valid: true, expires at: 1777379824216
[debug] [2026-04-28T11:50:56.056Z] >>> [apiv2][query] POST https://serviceusage.googleapis.com/v1/projects/docuextract-q8vaa/services/cloudfunctions.googleapis.com:enable [none]
[debug] [2026-04-28T11:50:56.056Z] >>> [apiv2][(partial)header] POST https://serviceusage.googleapis.com/v1/projects/docuextract-q8vaa/services/cloudfunctions.googleapis.com:enable x-goog-quota-user=projects/docuextract-q8vaa
[debug] [2026-04-28T11:50:56.655Z] <<< [apiv2][status] POST https://serviceusage.googleapis.com/v1/projects/docuextract-q8vaa/services/cloudfunctions.googleapis.com:enable 200
[debug] [2026-04-28T11:50:56.656Z] <<< [apiv2][body] POST https://serviceusage.googleapis.com/v1/projects/docuextract-q8vaa/services/cloudfunctions.googleapis.com:enable [omitted]
[debug] [2026-04-28T11:51:06.687Z] Checked if tokens are valid: true, expires at: 1777379824216
[debug] [2026-04-28T11:51:06.688Z] Checked if tokens are valid: true, expires at: 1777379824216
[debug] [2026-04-28T11:51:06.689Z] >>> [apiv2][query] GET https://firebase.googleapis.com/v1beta1/projects/docuextract-q8vaa/adminSdkConfig [none]
[debug] [2026-04-28T11:51:07.573Z] <<< [apiv2][status] GET https://firebase.googleapis.com/v1beta1/projects/docuextract-q8vaa/adminSdkConfig 200
[debug] [2026-04-28T11:51:07.574Z] <<< [apiv2][body] GET https://firebase.googleapis.com/v1beta1/projects/docuextract-q8vaa/adminSdkConfig {"projectId":"docuextract-q8vaa","storageBucket":"docuextract-q8vaa.firebasestorage.app"}
[debug] [2026-04-28T11:51:07.575Z] Checked if tokens are valid: true, expires at: 1777379824216
[debug] [2026-04-28T11:51:07.575Z] Checked if tokens are valid: true, expires at: 1777379824216
[debug] [2026-04-28T11:51:07.576Z] >>> [apiv2][query] GET https://runtimeconfig.googleapis.com/v1beta1/projects/docuextract-q8vaa/configs [none]
[debug] [2026-04-28T11:51:08.954Z] <<< [apiv2][status] GET https://runtimeconfig.googleapis.com/v1beta1/projects/docuextract-q8vaa/configs 200
[debug] [2026-04-28T11:51:08.954Z] <<< [apiv2][body] GET https://runtimeconfig.googleapis.com/v1beta1/projects/docuextract-q8vaa/configs {}
[debug] [2026-04-28T11:51:08.958Z] Validating nodejs source
[warn] !  functions: package.json indicates an outdated version of firebase-functions. Please upgrade using npm install --save firebase-functions@latest in your functions directory. 
[warn] !  functions: Please note that there will be breaking changes when you upgrade. 
[debug] [2026-04-28T11:51:11.694Z] > [functions] package.json contents: {
  "name": "docuextract",
  "version": "0.1.0",
  "private": true,
  "dependencies": {
    "@genkit-ai/google-genai": "^1.0.0",
    "@hookform/resolvers": "^3.9.0",
    "@opentelemetry/exporter-jaeger": "^2.6.1",
    "@radix-ui/react-accordion": "^1.2.0",
    "@radix-ui/react-alert-dialog": "^1.1.1",
    "@radix-ui/react-avatar": "^1.1.0",
    "@radix-ui/react-checkbox": "^1.1.1",
    "@radix-ui/react-collapsible": "^1.1.0",
    "@radix-ui/react-dialog": "^1.1.1",
    "@radix-ui/react-dropdown-menu": "^2.1.1",
    "@radix-ui/react-label": "^2.1.0",
    "@radix-ui/react-menubar": "^1.1.1",
    "@radix-ui/react-popover": "^1.1.1",
    "@radix-ui/react-progress": "^1.1.0",
    "@radix-ui/react-radio-group": "^1.2.0",
    "@radix-ui/react-scroll-area": "^1.1.0",
    "@radix-ui/react-select": "^2.1.1",
    "@radix-ui/react-separator": "^1.1.0",
    "@radix-ui/react-slider": "^1.2.0",
    "@radix-ui/react-slot": "^1.1.0",
    "@radix-ui/react-switch": "^1.1.0",
    "@radix-ui/react-tabs": "^1.1.0",
    "@radix-ui/react-toast": "^1.2.1",
    "@radix-ui/react-tooltip": "^1.1.2",
    "class-variance-authority": "^0.7.0",
    "clsx": "^2.1.1",
    "cmdk": "1.0.0",
    "date-fns": "^3.6.0",
    "dotenv": "^16.4.5",
    "embla-carousel-autoplay": "^8.2.0",
    "embla-carousel-react": "^8.2.0",
    "firebase": "^10.13.1",
    "firebase-admin": "^12.4.0",
    "genkit": "^1.0.0",
    "html2canvas": "^1.4.1",
    "jspdf": "^2.5.1",
    "lucide-react": "^0.441.0",
    "next": "14.2.35",
    "next-themes": "^0.3.0",
    "react": "18.3.1",
    "react-day-picker": "^8.10.1",
    "react-dom": "18.3.1",
    "react-hook-form": "^7.53.0",
    "react-image-file-resizer": "^0.4.8",
    "recharts": "^2.12.7",
    "tailwind-merge": "^2.5.2",
    "tailwindcss-animate": "^1.0.7",
    "zod": "^3.23.8",
    "firebase-frameworks": "^0.11.0",
    "firebase-functions": "^6.0.1"
  },
  "main": "server.js",
  "engines": {
    "node": "24"
  }
}
[debug] [2026-04-28T11:51:11.695Z] Building nodejs source
[info] i  functions: Loading and analyzing source code for codebase firebase-frameworks-docuextract-q8vaa to determine what to deploy 
[debug] [2026-04-28T11:51:11.696Z] Could not find functions.yaml. Must use http discovery
[debug] [2026-04-28T11:51:11.739Z] Found firebase-functions binary at 'C:\Users\Admin\Documents\baitulamal_2026v1\.firebase\docuextract-q8vaa\functions\node_modules\.bin\firebase-functions'
[info] Serving at port 8201

[debug] [2026-04-28T11:51:12.722Z] Got response from /__/functions.yaml {"endpoints":{"ssrdocuextractq8vaa":{"availableMemoryMb":null,"timeoutSeconds":null,"minInstances":null,"maxInstances":null,"ingressSettings":null,"concurrency":null,"serviceAccountEmail":null,"vpc":null,"platform":"gcfv2","region":["us-central1"],"labels":{},"httpsTrigger":{},"entryPoint":"ssrdocuextractq8vaa"}},"specVersion":"v1alpha1","requiredAPIs":[],"extensions":{}}
[info] i  extensions: ensuring required API firebaseextensions.googleapis.com is enabled... 
[debug] [2026-04-28T11:51:16.829Z] Checked if tokens are valid: true, expires at: 1777379824216
[debug] [2026-04-28T11:51:16.830Z] Checked if tokens are valid: true, expires at: 1777379824216
[debug] [2026-04-28T11:51:16.830Z] >>> [apiv2][query] GET https://serviceusage.googleapis.com/v1/projects/docuextract-q8vaa/services/firebaseextensions.googleapis.com [none]
[debug] [2026-04-28T11:51:16.830Z] >>> [apiv2][(partial)header] GET https://serviceusage.googleapis.com/v1/projects/docuextract-q8vaa/services/firebaseextensions.googleapis.com x-goog-quota-user=projects/docuextract-q8vaa
[debug] [2026-04-28T11:51:18.675Z] <<< [apiv2][status] GET https://serviceusage.googleapis.com/v1/projects/docuextract-q8vaa/services/firebaseextensions.googleapis.com 200
[debug] [2026-04-28T11:51:18.676Z] <<< [apiv2][body] GET https://serviceusage.googleapis.com/v1/projects/docuextract-q8vaa/services/firebaseextensions.googleapis.com [omitted]
[warn] !  extensions: missing required API firebaseextensions.googleapis.com. Enabling now... 
[debug] [2026-04-28T11:51:18.677Z] Checked if tokens are valid: true, expires at: 1777379824216
[debug] [2026-04-28T11:51:18.677Z] Checked if tokens are valid: true, expires at: 1777379824216
[debug] [2026-04-28T11:51:18.677Z] >>> [apiv2][query] POST https://serviceusage.googleapis.com/v1/projects/docuextract-q8vaa/services/firebaseextensions.googleapis.com:enable [none]
[debug] [2026-04-28T11:51:18.678Z] >>> [apiv2][(partial)header] POST https://serviceusage.googleapis.com/v1/projects/docuextract-q8vaa/services/firebaseextensions.googleapis.com:enable x-goog-quota-user=projects/docuextract-q8vaa
[debug] [2026-04-28T11:51:19.388Z] <<< [apiv2][status] POST https://serviceusage.googleapis.com/v1/projects/docuextract-q8vaa/services/firebaseextensions.googleapis.com:enable 200
[debug] [2026-04-28T11:51:19.389Z] <<< [apiv2][body] POST https://serviceusage.googleapis.com/v1/projects/docuextract-q8vaa/services/firebaseextensions.googleapis.com:enable [omitted]
[debug] [2026-04-28T11:51:29.420Z] > command requires scopes: ["email","openid","https://www.googleapis.com/auth/cloudplatformprojects.readonly","https://www.googleapis.com/auth/firebase","https://www.googleapis.com/auth/cloud-platform"]
[debug] [2026-04-28T11:51:29.421Z] > authorizing via signed-in user (abusufiyan.belif@gmail.com)
[debug] [2026-04-28T11:51:29.422Z] [iam] checking project docuextract-q8vaa for permissions ["firebase.projects.get","firebaseextensions.instances.list"]
[debug] [2026-04-28T11:51:29.423Z] Checked if tokens are valid: true, expires at: 1777379824216
[debug] [2026-04-28T11:51:29.423Z] Checked if tokens are valid: true, expires at: 1777379824216
[debug] [2026-04-28T11:51:29.424Z] >>> [apiv2][query] POST https://cloudresourcemanager.googleapis.com/v1/projects/docuextract-q8vaa:testIamPermissions [none]
[debug] [2026-04-28T11:51:29.424Z] >>> [apiv2][(partial)header] POST https://cloudresourcemanager.googleapis.com/v1/projects/docuextract-q8vaa:testIamPermissions x-goog-quota-user=projects/docuextract-q8vaa
[debug] [2026-04-28T11:51:29.425Z] >>> [apiv2][body] POST https://cloudresourcemanager.googleapis.com/v1/projects/docuextract-q8vaa:testIamPermissions {"permissions":["firebase.projects.get","firebaseextensions.instances.list"]}
[debug] [2026-04-28T11:51:30.858Z] <<< [apiv2][status] POST https://cloudresourcemanager.googleapis.com/v1/projects/docuextract-q8vaa:testIamPermissions 200
[debug] [2026-04-28T11:51:30.858Z] <<< [apiv2][body] POST https://cloudresourcemanager.googleapis.com/v1/projects/docuextract-q8vaa:testIamPermissions {"permissions":["firebase.projects.get","firebaseextensions.instances.list"]}
[debug] [2026-04-28T11:51:30.859Z] Checked if tokens are valid: true, expires at: 1777379824216
[debug] [2026-04-28T11:51:30.860Z] Checked if tokens are valid: true, expires at: 1777379824216
[debug] [2026-04-28T11:51:30.865Z] >>> [apiv2][query] GET https://firebaseextensions.googleapis.com/v1beta/projects/docuextract-q8vaa/instances pageSize=100&pageToken=
[debug] [2026-04-28T11:51:33.940Z] <<< [apiv2][status] GET https://firebaseextensions.googleapis.com/v1beta/projects/docuextract-q8vaa/instances 200
[debug] [2026-04-28T11:51:33.941Z] <<< [apiv2][body] GET https://firebaseextensions.googleapis.com/v1beta/projects/docuextract-q8vaa/instances {}
[info] i  functions: Loaded environment variables from .env. 
[info] i  functions: preparing .firebase\docuextract-q8vaa\functions directory for uploading... 
[info] i  functions: packaged C:\Users\Admin\Documents\baitulamal_2026v1\.firebase\docuextract-q8vaa\functions (808.89 MB) for uploading 
[debug] [2026-04-28T11:53:23.507Z] Checked if tokens are valid: true, expires at: 1777379824216
[debug] [2026-04-28T11:53:23.507Z] Checked if tokens are valid: true, expires at: 1777379824216
[debug] [2026-04-28T11:53:23.508Z] >>> [apiv2][query] GET https://cloudfunctions.googleapis.com/v1/projects/docuextract-q8vaa/locations/-/functions [none]
[debug] [2026-04-28T11:53:24.507Z] <<< [apiv2][status] GET https://cloudfunctions.googleapis.com/v1/projects/docuextract-q8vaa/locations/-/functions 200
[debug] [2026-04-28T11:53:24.507Z] <<< [apiv2][body] GET https://cloudfunctions.googleapis.com/v1/projects/docuextract-q8vaa/locations/-/functions {}
[debug] [2026-04-28T11:53:24.509Z] Checked if tokens are valid: true, expires at: 1777379824216
[debug] [2026-04-28T11:53:24.509Z] Checked if tokens are valid: true, expires at: 1777379824216
[debug] [2026-04-28T11:53:24.511Z] >>> [apiv2][query] GET https://cloudfunctions.googleapis.com/v2/projects/docuextract-q8vaa/locations/-/functions filter=environment%3D%22GEN_2%22
[debug] [2026-04-28T11:53:26.245Z] <<< [apiv2][status] GET https://cloudfunctions.googleapis.com/v2/projects/docuextract-q8vaa/locations/-/functions 200
[debug] [2026-04-28T11:53:26.246Z] <<< [apiv2][body] GET https://cloudfunctions.googleapis.com/v2/projects/docuextract-q8vaa/locations/-/functions {}
[info] i  functions: ensuring required API run.googleapis.com is enabled... 
[debug] [2026-04-28T11:53:26.254Z] Checked if tokens are valid: true, expires at: 1777379824216
[debug] [2026-04-28T11:53:26.254Z] Checked if tokens are valid: true, expires at: 1777379824216
[info] i  functions: ensuring required API eventarc.googleapis.com is enabled... 
[debug] [2026-04-28T11:53:26.256Z] Checked if tokens are valid: true, expires at: 1777379824216
[debug] [2026-04-28T11:53:26.256Z] Checked if tokens are valid: true, expires at: 1777379824216
[info] i  functions: ensuring required API pubsub.googleapis.com is enabled... 
[debug] [2026-04-28T11:53:26.257Z] Checked if tokens are valid: true, expires at: 1777379824216
[debug] [2026-04-28T11:53:26.258Z] Checked if tokens are valid: true, expires at: 1777379824216
[info] i  functions: ensuring required API storage.googleapis.com is enabled... 
[debug] [2026-04-28T11:53:26.258Z] Checked if tokens are valid: true, expires at: 1777379824216
[debug] [2026-04-28T11:53:26.258Z] Checked if tokens are valid: true, expires at: 1777379824216
[debug] [2026-04-28T11:53:26.259Z] >>> [apiv2][query] GET https://serviceusage.googleapis.com/v1/projects/789346423389/services/run.googleapis.com [none]
[debug] [2026-04-28T11:53:26.259Z] >>> [apiv2][(partial)header] GET https://serviceusage.googleapis.com/v1/projects/789346423389/services/run.googleapis.com x-goog-quota-user=projects/789346423389
[debug] [2026-04-28T11:53:26.261Z] >>> [apiv2][query] GET https://serviceusage.googleapis.com/v1/projects/789346423389/services/eventarc.googleapis.com [none]
[debug] [2026-04-28T11:53:26.262Z] >>> [apiv2][(partial)header] GET https://serviceusage.googleapis.com/v1/projects/789346423389/services/eventarc.googleapis.com x-goog-quota-user=projects/789346423389
[debug] [2026-04-28T11:53:26.263Z] >>> [apiv2][query] GET https://serviceusage.googleapis.com/v1/projects/789346423389/services/pubsub.googleapis.com [none]
[debug] [2026-04-28T11:53:26.264Z] >>> [apiv2][(partial)header] GET https://serviceusage.googleapis.com/v1/projects/789346423389/services/pubsub.googleapis.com x-goog-quota-user=projects/789346423389
[debug] [2026-04-28T11:53:26.266Z] >>> [apiv2][query] GET https://serviceusage.googleapis.com/v1/projects/789346423389/services/storage.googleapis.com [none]
[debug] [2026-04-28T11:53:26.267Z] >>> [apiv2][(partial)header] GET https://serviceusage.googleapis.com/v1/projects/789346423389/services/storage.googleapis.com x-goog-quota-user=projects/789346423389
[debug] [2026-04-28T11:53:28.036Z] <<< [apiv2][status] GET https://serviceusage.googleapis.com/v1/projects/789346423389/services/eventarc.googleapis.com 200
[debug] [2026-04-28T11:53:28.036Z] <<< [apiv2][body] GET https://serviceusage.googleapis.com/v1/projects/789346423389/services/eventarc.googleapis.com [omitted]
[warn] !  functions: missing required API eventarc.googleapis.com. Enabling now... 
[debug] [2026-04-28T11:53:28.038Z] Checked if tokens are valid: true, expires at: 1777379824216
[debug] [2026-04-28T11:53:28.038Z] Checked if tokens are valid: true, expires at: 1777379824216
[debug] [2026-04-28T11:53:28.039Z] >>> [apiv2][query] POST https://serviceusage.googleapis.com/v1/projects/789346423389/services/eventarc.googleapis.com:enable [none]
[debug] [2026-04-28T11:53:28.039Z] >>> [apiv2][(partial)header] POST https://serviceusage.googleapis.com/v1/projects/789346423389/services/eventarc.googleapis.com:enable x-goog-quota-user=projects/789346423389
[debug] [2026-04-28T11:53:28.041Z] <<< [apiv2][status] GET https://serviceusage.googleapis.com/v1/projects/789346423389/services/pubsub.googleapis.com 200
[debug] [2026-04-28T11:53:28.042Z] <<< [apiv2][body] GET https://serviceusage.googleapis.com/v1/projects/789346423389/services/pubsub.googleapis.com [omitted]
[info] +  functions: required API pubsub.googleapis.com is enabled 
[debug] [2026-04-28T11:53:28.079Z] <<< [apiv2][status] GET https://serviceusage.googleapis.com/v1/projects/789346423389/services/run.googleapis.com 200
[debug] [2026-04-28T11:53:28.079Z] <<< [apiv2][body] GET https://serviceusage.googleapis.com/v1/projects/789346423389/services/run.googleapis.com [omitted]
[info] +  functions: required API run.googleapis.com is enabled 
[debug] [2026-04-28T11:53:28.097Z] <<< [apiv2][status] GET https://serviceusage.googleapis.com/v1/projects/789346423389/services/storage.googleapis.com 200
[debug] [2026-04-28T11:53:28.098Z] <<< [apiv2][body] GET https://serviceusage.googleapis.com/v1/projects/789346423389/services/storage.googleapis.com [omitted]
[info] +  functions: required API storage.googleapis.com is enabled 
[debug] [2026-04-28T11:53:29.825Z] <<< [apiv2][status] POST https://serviceusage.googleapis.com/v1/projects/789346423389/services/eventarc.googleapis.com:enable 200
[debug] [2026-04-28T11:53:29.826Z] <<< [apiv2][body] POST https://serviceusage.googleapis.com/v1/projects/789346423389/services/eventarc.googleapis.com:enable [omitted]
[info] i  functions: generating the service identity for pubsub.googleapis.com... 
[debug] [2026-04-28T11:53:39.845Z] Checked if tokens are valid: true, expires at: 1777379824216
[debug] [2026-04-28T11:53:39.846Z] Checked if tokens are valid: true, expires at: 1777379824216
[info] i  functions: generating the service identity for eventarc.googleapis.com... 
[debug] [2026-04-28T11:53:39.846Z] Checked if tokens are valid: true, expires at: 1777379824216
[debug] [2026-04-28T11:53:39.847Z] Checked if tokens are valid: true, expires at: 1777379824216
[debug] [2026-04-28T11:53:39.847Z] >>> [apiv2][query] POST https://serviceusage.googleapis.com/v1beta1/projects/789346423389/services/pubsub.googleapis.com:generateServiceIdentity [none]
[debug] [2026-04-28T11:53:39.848Z] >>> [apiv2][(partial)header] POST https://serviceusage.googleapis.com/v1beta1/projects/789346423389/services/pubsub.googleapis.com:generateServiceIdentity x-goog-quota-user=projects/789346423389
[debug] [2026-04-28T11:53:39.849Z] >>> [apiv2][body] POST https://serviceusage.googleapis.com/v1beta1/projects/789346423389/services/pubsub.googleapis.com:generateServiceIdentity {}
[debug] [2026-04-28T11:53:39.851Z] >>> [apiv2][query] POST https://serviceusage.googleapis.com/v1beta1/projects/789346423389/services/eventarc.googleapis.com:generateServiceIdentity [none]
[debug] [2026-04-28T11:53:39.852Z] >>> [apiv2][(partial)header] POST https://serviceusage.googleapis.com/v1beta1/projects/789346423389/services/eventarc.googleapis.com:generateServiceIdentity x-goog-quota-user=projects/789346423389
[debug] [2026-04-28T11:53:39.852Z] >>> [apiv2][body] POST https://serviceusage.googleapis.com/v1beta1/projects/789346423389/services/eventarc.googleapis.com:generateServiceIdentity {}
[debug] [2026-04-28T11:53:42.086Z] <<< [apiv2][status] POST https://serviceusage.googleapis.com/v1beta1/projects/789346423389/services/pubsub.googleapis.com:generateServiceIdentity 200
[debug] [2026-04-28T11:53:42.086Z] <<< [apiv2][body] POST https://serviceusage.googleapis.com/v1beta1/projects/789346423389/services/pubsub.googleapis.com:generateServiceIdentity {"name":"operations/finished.DONE_OPERATION","done":true,"response":{"@type":"type.googleapis.com/google.api.serviceusage.v1beta1.ServiceIdentity","email":"service-789346423389@gcp-sa-pubsub.iam.gserviceaccount.com","uniqueId":"108354190072663357804"}}
[debug] [2026-04-28T11:53:42.147Z] <<< [apiv2][status] POST https://serviceusage.googleapis.com/v1beta1/projects/789346423389/services/eventarc.googleapis.com:generateServiceIdentity 200
[debug] [2026-04-28T11:53:42.148Z] <<< [apiv2][body] POST https://serviceusage.googleapis.com/v1beta1/projects/789346423389/services/eventarc.googleapis.com:generateServiceIdentity {"name":"operations/finished.DONE_OPERATION","done":true,"response":{"@type":"type.googleapis.com/google.api.serviceusage.v1beta1.ServiceIdentity","email":"service-789346423389@gcp-sa-eventarc.iam.gserviceaccount.com","uniqueId":"111901244107888735328"}}
[debug] [2026-04-28T11:53:42.153Z] Checked if tokens are valid: true, expires at: 1777379824216
[debug] [2026-04-28T11:53:42.154Z] Checked if tokens are valid: true, expires at: 1777379824216
[debug] [2026-04-28T11:53:42.154Z] >>> [apiv2][query] GET https://cloudresourcemanager.googleapis.com/v1/projects/docuextract-q8vaa [none]
[debug] [2026-04-28T11:53:43.891Z] <<< [apiv2][status] GET https://cloudresourcemanager.googleapis.com/v1/projects/docuextract-q8vaa 200
[debug] [2026-04-28T11:53:43.891Z] <<< [apiv2][body] GET https://cloudresourcemanager.googleapis.com/v1/projects/docuextract-q8vaa {"projectNumber":"789346423389","projectId":"docuextract-q8vaa","lifecycleState":"ACTIVE","name":"DocDataExtract AB","labels":{"monospace-workspace-id":"studio-2720090959","firebase":"enabled","firebase-core":"disabled"},"createTime":"2025-09-06T12:22:30.952339Z"}
[debug] [2026-04-28T11:53:43.892Z] Checked if tokens are valid: true, expires at: 1777379824216
[debug] [2026-04-28T11:53:43.892Z] Checked if tokens are valid: true, expires at: 1777379824216
[debug] [2026-04-28T11:53:43.893Z] >>> [apiv2][query] GET https://compute.googleapis.com/compute/v1/projects/789346423389 [none]
[debug] [2026-04-28T11:53:44.452Z] <<< [apiv2][status] GET https://compute.googleapis.com/compute/v1/projects/789346423389 403
[debug] [2026-04-28T11:53:44.452Z] <<< [apiv2][body] GET https://compute.googleapis.com/compute/v1/projects/789346423389 {"error":{"code":403,"message":"Compute Engine API has not been used in project 789346423389 before or it is disabled. Enable it by visiting https://console.developers.google.com/apis/api/compute.googleapis.com/overview?project=789346423389 then retry. If you enabled this API recently, wait a few minutes for the action to propagate to our systems and retry.","errors":[{"message":"Compute Engine API has not been used in project 789346423389 before or it is disabled. Enable it by visiting https://console.developers.google.com/apis/api/compute.googleapis.com/overview?project=789346423389 then retry. If you enabled this API recently, wait a few minutes for the action to propagate to our systems and retry.","domain":"usageLimits","reason":"accessNotConfigured","extendedHelp":"https://console.developers.google.com"}],"status":"PERMISSION_DENIED","details":[{"@type":"type.googleapis.com/google.rpc.ErrorInfo","reason":"SERVICE_DISABLED","domain":"googleapis.com","metadata":{"activationUrl":"https://console.developers.google.com/apis/api/compute.googleapis.com/overview?project=789346423389","service":"compute.googleapis.com","serviceTitle":"Compute Engine API","consumer":"projects/789346423389","containerInfo":"789346423389"}},{"@type":"type.googleapis.com/google.rpc.LocalizedMessage","locale":"en-US","message":"Compute Engine API has not been used in project 789346423389 before or it is disabled. Enable it by visiting https://console.developers.google.com/apis/api/compute.googleapis.com/overview?project=789346423389 then retry. If you enabled this API recently, wait a few minutes for the action to propagate to our systems and retry."},{"@type":"type.googleapis.com/google.rpc.Help","links":[{"description":"Google developers console API activation","url":"https://console.developers.google.com/apis/api/compute.googleapis.com/overview?project=789346423389"}]}]}}
[debug] [2026-04-28T11:53:44.456Z] unable to look up default compute service account. Falling back to 789346423389-compute@developer.gserviceaccount.com. Error: {"name":"FirebaseError","children":[],"context":{"body":{"error":{"code":403,"message":"Compute Engine API has not been used in project 789346423389 before or it is disabled. Enable it by visiting https://console.developers.google.com/apis/api/compute.googleapis.com/overview?project=789346423389 then retry. If you enabled this API recently, wait a few minutes for the action to propagate to our systems and retry.","errors":[{"message":"Compute Engine API has not been used in project 789346423389 before or it is disabled. Enable it by visiting https://console.developers.google.com/apis/api/compute.googleapis.com/overview?project=789346423389 then retry. If you enabled this API recently, wait a few minutes for the action to propagate to our systems and retry.","domain":"usageLimits","reason":"accessNotConfigured","extendedHelp":"https://console.developers.google.com"}],"status":"PERMISSION_DENIED","details":[{"@type":"type.googleapis.com/google.rpc.ErrorInfo","reason":"SERVICE_DISABLED","domain":"googleapis.com","metadata":{"activationUrl":"https://console.developers.google.com/apis/api/compute.googleapis.com/overview?project=789346423389","service":"compute.googleapis.com","serviceTitle":"Compute Engine API","consumer":"projects/789346423389","containerInfo":"789346423389"}},{"@type":"type.googleapis.com/google.rpc.LocalizedMessage","locale":"en-US","message":"Compute Engine API has not been used in project 789346423389 before or it is disabled. Enable it by visiting https://console.developers.google.com/apis/api/compute.googleapis.com/overview?project=789346423389 then retry. If you enabled this API recently, wait a few minutes for the action to propagate to our systems and retry."},{"@type":"type.googleapis.com/google.rpc.Help","links":[{"description":"Google developers console API activation","url":"https://console.developers.google.com/apis/api/compute.googleapis.com/overview?project=789346423389"}]}]}},"response":{"statusCode":403}},"exit":1,"message":"Request to https://compute.googleapis.com/compute/v1/projects/789346423389 had HTTP Error: 403, Compute Engine API has not been used in project 789346423389 before or it is disabled. Enable it by visiting https://console.developers.google.com/apis/api/compute.googleapis.com/overview?project=789346423389 then retry. If you enabled this API recently, wait a few minutes for the action to propagate to our systems and retry.","status":403}
[info] i  storage: ensuring required API firebasestorage.googleapis.com is enabled... 
[debug] [2026-04-28T11:53:44.460Z] Checked if tokens are valid: true, expires at: 1777379824216
[debug] [2026-04-28T11:53:44.460Z] Checked if tokens are valid: true, expires at: 1777379824216
[debug] [2026-04-28T11:53:44.461Z] >>> [apiv2][query] GET https://firebasestorage.googleapis.com/v1alpha/projects/docuextract-q8vaa/defaultBucket [none]
[debug] [2026-04-28T11:53:45.108Z] <<< [apiv2][status] GET https://firebasestorage.googleapis.com/v1alpha/projects/docuextract-q8vaa/defaultBucket 200
[debug] [2026-04-28T11:53:45.108Z] <<< [apiv2][body] GET https://firebasestorage.googleapis.com/v1alpha/projects/docuextract-q8vaa/defaultBucket {"name":"projects/docuextract-q8vaa/defaultBucket","location":"US-CENTRAL1","bucket":{"name":"projects/docuextract-q8vaa/buckets/docuextract-q8vaa.firebasestorage.app"},"storageClass":"REGIONAL"}
[info] i  firebase.storage: checking storage.rules for compilation errors... 
[debug] [2026-04-28T11:53:45.114Z] Checked if tokens are valid: true, expires at: 1777379824216
[debug] [2026-04-28T11:53:45.115Z] Checked if tokens are valid: true, expires at: 1777379824216
[debug] [2026-04-28T11:53:45.116Z] >>> [apiv2][query] POST https://firebaserules.googleapis.com/v1/projects/docuextract-q8vaa:test [none]
[debug] [2026-04-28T11:53:45.116Z] >>> [apiv2][body] POST https://firebaserules.googleapis.com/v1/projects/docuextract-q8vaa:test [omitted]
[debug] [2026-04-28T11:53:47.633Z] <<< [apiv2][status] POST https://firebaserules.googleapis.com/v1/projects/docuextract-q8vaa:test 200
[debug] [2026-04-28T11:53:47.633Z] <<< [apiv2][body] POST https://firebaserules.googleapis.com/v1/projects/docuextract-q8vaa:test {"issues":[{"sourcePosition":{"fileName":"storage.rules","line":25,"column":7,"currentOffset":618,"endOffset":619},"description":"Unexpected 'if'.","severity":"ERROR"},{"sourcePosition":{"fileName":"storage.rules","line":30,"column":7,"currentOffset":830,"endOffset":835},"description":"Unexpected 'return'.","severity":"ERROR"},{"sourcePosition":{"fileName":"storage.rules","line":31,"column":26,"currentOffset":880,"endOffset":889},"description":"Missing 'match' keyword before path.","severity":"ERROR"},{"sourcePosition":{"fileName":"storage.rules","line":31,"column":62,"currentOffset":916,"endOffset":916},"description":"Forward slash '/' found where identifier or binding expected.","severity":"ERROR"},{"sourcePosition":{"fileName":"storage.rules","line":31,"column":63,"currentOffset":917,"endOffset":917},"description":"mismatched input '$' expecting {'{', '/', PATH_SEGMENT}","severity":"ERROR"},{"sourcePosition":{"fileName":"storage.rules","line":32,"column":23,"currentOffset":964,"endOffset":973},"description":"Missing 'match' keyword before path.","severity":"ERROR"},{"sourcePosition":{"fileName":"storage.rules","line":32,"column":59,"currentOffset":1000,"endOffset":1000},"description":"Forward slash '/' found where identifier or binding expected.","severity":"ERROR"},{"sourcePosition":{"fileName":"storage.rules","line":32,"column":60,"currentOffset":1001,"endOffset":1001},"description":"mismatched input '$' expecting {'{', '/', PATH_SEGMENT}","severity":"ERROR"},{"sourcePosition":{"fileName":"storage.rules","line":37,"column":7,"currentOffset":1090,"endOffset":1091},"description":"Unexpected 'if'.","severity":"ERROR"},{"sourcePosition":{"fileName":"storage.rules","line":38,"column":7,"currentOffset":1133,"endOffset":1134},"description":"Unexpected 'if'.","severity":"ERROR"}]}
[error] 
[error] Error: Compilation errors in storage.rules:
[E] 25:7 - Unexpected 'if'.
[E] 30:7 - Unexpected 'return'.
[E] 31:26 - Missing 'match' keyword before path.
[E] 31:62 - Forward slash '/' found where identifier or binding expected.
[E] 31:63 - mismatched input '$' expecting {'{', '/', PATH_SEGMENT}
[E] 32:23 - Missing 'match' keyword before path.
[E] 32:59 - Forward slash '/' found where identifier or binding expected.
[E] 32:60 - mismatched input '$' expecting {'{', '/', PATH_SEGMENT}
[E] 37:7 - Unexpected 'if'.
[E] 38:7 - Unexpected 'if'.
