BUILD FAILURE LOG - 17/5/2026, 3:05:47 pm
Version: 2026.05.17.13

STDOUT:
  ▲ Next.js 14.2.35
  - Environments: .env.local, .env

   Creating an optimized production build ...
 ✓ Compiled successfully
   Linting and checking validity of types ...


STDERR:
Failed to compile.

./src/components/user-form.tsx:55:128
Type error: Property 'admin' does not exist on type 'Partial<Record<"delete" | "create" | "read" | "update", boolean>>'.

[0m [90m 53 |[39m   [36mconst[39m { userProfile[33m:[39m currentUser } [33m=[39m useCurrentUserSession()[33m;[39m[0m
[0m [90m 54 |[39m   [36mconst[39m isCurrentUserAdmin [33m=[39m currentUser[33m?[39m[33m.[39mrole [33m===[39m [32m'Admin'[39m[33m;[39m[0m
[0m[31m[1m>[22m[39m[90m 55 |[39m   [36mconst[39m canManageRoles [33m=[39m isCurrentUserAdmin [33m||[39m [33m![39m[33m![39mcurrentUser[33m?[39m[33m.[39mpermissions[33m?[39m[33m.[39musers[33m?[39m[33m.[39mupdate [33m||[39m [33m![39m[33m![39mcurrentUser[33m?[39m[33m.[39mpermissions[33m?[39m[33m.[39musers[33m?[39m[33m.[39madmin[33m;[39m[0m
[0m [90m    |[39m                                                                                                                                [31m[1m^[22m[39m[0m
[0m [90m 56 |[39m   [0m
[0m [90m 57 |[39m   [36mconst[39m { toast } [33m=[39m useToast()[33m;[39m[0m
[0m [90m 58 |[39m   [36mconst[39m auth [33m=[39m useAuth()[33m;[39m[0m
Next.js build worker exited with code: 1 and signal: null


ERROR MESSAGE:
Command failed: npx next build
Failed to compile.

./src/components/user-form.tsx:55:128
Type error: Property 'admin' does not exist on type 'Partial<Record<"delete" | "create" | "read" | "update", boolean>>'.

[0m [90m 53 |[39m   [36mconst[39m { userProfile[33m:[39m currentUser } [33m=[39m useCurrentUserSession()[33m;[39m[0m
[0m [90m 54 |[39m   [36mconst[39m isCurrentUserAdmin [33m=[39m currentUser[33m?[39m[33m.[39mrole [33m===[39m [32m'Admin'[39m[33m;[39m[0m
[0m[31m[1m>[22m[39m[90m 55 |[39m   [36mconst[39m canManageRoles [33m=[39m isCurrentUserAdmin [33m||[39m [33m![39m[33m![39mcurrentUser[33m?[39m[33m.[39mpermissions[33m?[39m[33m.[39musers[33m?[39m[33m.[39mupdate [33m||[39m [33m![39m[33m![39mcurrentUser[33m?[39m[33m.[39mpermissions[33m?[39m[33m.[39musers[33m?[39m[33m.[39madmin[33m;[39m[0m
[0m [90m    |[39m                                                                                                                                [31m[1m^[22m[39m[0m
[0m [90m 56 |[39m   [0m
[0m [90m 57 |[39m   [36mconst[39m { toast } [33m=[39m useToast()[33m;[39m[0m
[0m [90m 58 |[39m   [36mconst[39m auth [33m=[39m useAuth()[33m;[39m[0m
Next.js build worker exited with code: 1 and signal: null
