BUILD FAILURE LOG - 11/5/2026, 3:23:40 am
Version: 2026.05.11.3

STDOUT:
  ▲ Next.js 14.2.35
  - Environments: .env.local, .env

   Creating an optimized production build ...
 ✓ Compiled successfully
   Linting and checking validity of types ...


STDERR:
Failed to compile.

./src/app/verifications/actions.ts:652:43
Type error: Cannot find name 'baseUrl'.

[0m [90m 650 |[39m                             oldData[33m:[39m request[33m.[39moriginalValue[33m,[39m[0m
[0m [90m 651 |[39m                             newData[33m:[39m request[33m.[39mnewValue[33m,[39m[0m
[0m[31m[1m>[22m[39m[90m 652 |[39m                             actionUrl[33m:[39m [32m`${baseUrl}/verifications?requestId=${request.id}`[39m[0m
[0m [90m     |[39m                                           [31m[1m^[22m[39m[0m
[0m [90m 653 |[39m                         }[0m
[0m [90m 654 |[39m                     })[33m;[39m[0m
[0m [90m 655 |[39m                 }[0m
Next.js build worker exited with code: 1 and signal: null


ERROR MESSAGE:
Command failed: npx next build
Failed to compile.

./src/app/verifications/actions.ts:652:43
Type error: Cannot find name 'baseUrl'.

[0m [90m 650 |[39m                             oldData[33m:[39m request[33m.[39moriginalValue[33m,[39m[0m
[0m [90m 651 |[39m                             newData[33m:[39m request[33m.[39mnewValue[33m,[39m[0m
[0m[31m[1m>[22m[39m[90m 652 |[39m                             actionUrl[33m:[39m [32m`${baseUrl}/verifications?requestId=${request.id}`[39m[0m
[0m [90m     |[39m                                           [31m[1m^[22m[39m[0m
[0m [90m 653 |[39m                         }[0m
[0m [90m 654 |[39m                     })[33m;[39m[0m
[0m [90m 655 |[39m                 }[0m
Next.js build worker exited with code: 1 and signal: null
