BUILD FAILURE LOG - 11/5/2026, 4:04:54 am
Version: 2026.05.11.6

STDOUT:
  ▲ Next.js 14.2.35
  - Environments: .env.local, .env

   Creating an optimized production build ...
 ✓ Compiled successfully
   Linting and checking validity of types ...


STDERR:
Failed to compile.

./src/app/auth-provider.tsx:119:81
Type error: Cannot find name 'isDonor'.

[0m [90m 117 |[39m[0m
[0m [90m 118 |[39m         setIsRedirecting([36mfalse[39m)[33m;[39m[0m
[0m[31m[1m>[22m[39m[90m 119 |[39m     }[33m,[39m [user[33m,[39m userProfile[33m,[39m isLoading[33m,[39m isPublicRoute[33m,[39m pathname[33m,[39m router[33m,[39m isStaff[33m,[39m isDonor[33m,[39m isBeneficiary])[33m;[39m[0m
[0m [90m     |[39m                                                                                 [31m[1m^[22m[39m[0m
[0m [90m 120 |[39m[0m
[0m [90m 121 |[39m     [90m// 4. Session Revocation Listener (Instant Logout)[39m[0m
[0m [90m 122 |[39m     useEffect(() [33m=>[39m {[0m
Next.js build worker exited with code: 1 and signal: null


ERROR MESSAGE:
Command failed: npx next build
Failed to compile.

./src/app/auth-provider.tsx:119:81
Type error: Cannot find name 'isDonor'.

[0m [90m 117 |[39m[0m
[0m [90m 118 |[39m         setIsRedirecting([36mfalse[39m)[33m;[39m[0m
[0m[31m[1m>[22m[39m[90m 119 |[39m     }[33m,[39m [user[33m,[39m userProfile[33m,[39m isLoading[33m,[39m isPublicRoute[33m,[39m pathname[33m,[39m router[33m,[39m isStaff[33m,[39m isDonor[33m,[39m isBeneficiary])[33m;[39m[0m
[0m [90m     |[39m                                                                                 [31m[1m^[22m[39m[0m
[0m [90m 120 |[39m[0m
[0m [90m 121 |[39m     [90m// 4. Session Revocation Listener (Instant Logout)[39m[0m
[0m [90m 122 |[39m     useEffect(() [33m=>[39m {[0m
Next.js build worker exited with code: 1 and signal: null
