BUILD FAILURE LOG - 3/5/2026, 5:26:43 am
Version: 2026.05.03.2

STDOUT:
  ▲ Next.js 14.2.35
  - Environments: .env.local, .env

   Creating an optimized production build ...
 ✓ Compiled successfully
   Linting and checking validity of types ...
   Collecting page data ...


STDERR:
 ⚠ Compiled with warnings

./node_modules/require-in-the-middle/index.js
Critical dependency: require function is used in a way in which dependencies cannot be statically extracted

Import trace for requested module:
./node_modules/require-in-the-middle/index.js
./node_modules/@opentelemetry/instrumentation/build/esm/platform/node/instrumentation.js
./node_modules/@opentelemetry/instrumentation/build/esm/platform/node/index.js
./node_modules/@opentelemetry/instrumentation/build/esm/platform/index.js
./node_modules/@opentelemetry/instrumentation/build/esm/index.js
./node_modules/@opentelemetry/sdk-node/build/src/sdk.js
./node_modules/@opentelemetry/sdk-node/build/src/index.js
./node_modules/@genkit-ai/core/lib/tracing/node-telemetry-provider.js
./node_modules/@genkit-ai/core/lib/node.js
./node_modules/genkit/lib/common.js
./node_modules/genkit/lib/index.mjs
./src/ai/genkit.ts
./src/ai/flows/create-education-story.ts
./src/app/api/create-education-story/route.ts

PageNotFoundError: Cannot find module for page: /api/create-education-story
    at getPagePath (C:\Users\Admin\Documents\baitulamal_2026v1\node_modules\next\dist\server\require.js:94:15)
    at requirePage (C:\Users\Admin\Documents\baitulamal_2026v1\node_modules\next\dist\server\require.js:99:22)
    at C:\Users\Admin\Documents\baitulamal_2026v1\node_modules\next\dist\server\load-components.js:103:84
    at process.processTicksAndRejections (node:internal/process/task_queues:105:5)
    at async loadComponentsImpl (C:\Users\Admin\Documents\baitulamal_2026v1\node_modules\next\dist\server\load-components.js:103:26)
    at async C:\Users\Admin\Documents\baitulamal_2026v1\node_modules\next\dist\build\utils.js:1116:32
    at async Span.traceAsyncFn (C:\Users\Admin\Documents\baitulamal_2026v1\node_modules\next\dist\trace\trace.js:154:20) {
  code: 'ENOENT'
}

> Build error occurred
Error: Failed to collect page data for /api/create-education-story
    at C:\Users\Admin\Documents\baitulamal_2026v1\node_modules\next\dist\build\utils.js:1269:15
    at process.processTicksAndRejections (node:internal/process/task_queues:105:5) {
  type: 'Error'
}


ERROR MESSAGE:
Command failed: next build
 ⚠ Compiled with warnings

./node_modules/require-in-the-middle/index.js
Critical dependency: require function is used in a way in which dependencies cannot be statically extracted

Import trace for requested module:
./node_modules/require-in-the-middle/index.js
./node_modules/@opentelemetry/instrumentation/build/esm/platform/node/instrumentation.js
./node_modules/@opentelemetry/instrumentation/build/esm/platform/node/index.js
./node_modules/@opentelemetry/instrumentation/build/esm/platform/index.js
./node_modules/@opentelemetry/instrumentation/build/esm/index.js
./node_modules/@opentelemetry/sdk-node/build/src/sdk.js
./node_modules/@opentelemetry/sdk-node/build/src/index.js
./node_modules/@genkit-ai/core/lib/tracing/node-telemetry-provider.js
./node_modules/@genkit-ai/core/lib/node.js
./node_modules/genkit/lib/common.js
./node_modules/genkit/lib/index.mjs
./src/ai/genkit.ts
./src/ai/flows/create-education-story.ts
./src/app/api/create-education-story/route.ts

PageNotFoundError: Cannot find module for page: /api/create-education-story
    at getPagePath (C:\Users\Admin\Documents\baitulamal_2026v1\node_modules\next\dist\server\require.js:94:15)
    at requirePage (C:\Users\Admin\Documents\baitulamal_2026v1\node_modules\next\dist\server\require.js:99:22)
    at C:\Users\Admin\Documents\baitulamal_2026v1\node_modules\next\dist\server\load-components.js:103:84
    at process.processTicksAndRejections (node:internal/process/task_queues:105:5)
    at async loadComponentsImpl (C:\Users\Admin\Documents\baitulamal_2026v1\node_modules\next\dist\server\load-components.js:103:26)
    at async C:\Users\Admin\Documents\baitulamal_2026v1\node_modules\next\dist\build\utils.js:1116:32
    at async Span.traceAsyncFn (C:\Users\Admin\Documents\baitulamal_2026v1\node_modules\next\dist\trace\trace.js:154:20) {
  code: 'ENOENT'
}

> Build error occurred
Error: Failed to collect page data for /api/create-education-story
    at C:\Users\Admin\Documents\baitulamal_2026v1\node_modules\next\dist\build\utils.js:1269:15
    at process.processTicksAndRejections (node:internal/process/task_queues:105:5) {
  type: 'Error'
}
