BUILD FAILURE LOG - 3/5/2026, 5:51:43 am
Version: 2026.05.03.4

STDOUT:
  ▲ Next.js 14.2.35
  - Environments: .env.local, .env

   Creating an optimized production build ...
 ✓ Compiled successfully
   Linting and checking validity of types ...


STDERR:
 ⚠ Compiled with warnings

./node_modules/require-in-the-middle/index.js
Critical dependency: require function is used in a way in which dependencies cannot be statically extracted

Import trace for requested module:
./node_modules/require-in-the-middle/index.js
./node_modules/@opentelemetry/instrumentation/build/esm/platform/node/instrumentation.js
./node_modules/@opentelemetry/instrumentation/build/esm/platform/node/index.js
./node_modules/@opentelemetry/instrumentation/build/esm/platform/index.js
./node_modules/@opentelemetry/instrumentation/build/esm/index.js
./node_modules/@opentelemetry/sdk-node/build/src/sdk.js
./node_modules/@opentelemetry/sdk-node/build/src/index.js
./node_modules/@genkit-ai/core/lib/tracing/node-telemetry-provider.js
./node_modules/@genkit-ai/core/lib/node.js
./node_modules/genkit/lib/common.js
./node_modules/genkit/lib/index.mjs
./src/ai/genkit.ts
./src/ai/flows/extract-dynamic-form.ts
./src/app/api/extract-dynamic-form/route.ts

Failed to compile.

./src/app/beneficiaries/[beneficiaryId]/page.tsx:330:71
Type error: 'currentUserProfile' is possibly 'null'.

[0m [90m 328 |[39m                             [33m<[39m[33mButton[39m [0m
[0m [90m 329 |[39m                                 onClick[33m=[39m{() [33m=>[39m setIsEditMode([36mtrue[39m)} [0m
[0m[31m[1m>[22m[39m[90m 330 |[39m                                 disabled[33m=[39m{[33m![39m[33m![39mexistingPendingRequest [33m&&[39m currentUserProfile[33m.[39mrole [33m!==[39m [32m'Admin'[39m}[0m
[0m [90m     |[39m                                                                       [31m[1m^[22m[39m[0m
[0m [90m 331 |[39m                                 className[33m=[39m{cn([0m
[0m [90m 332 |[39m                                     [32m"font-bold shadow-md active:scale-95 transition-transform"[39m[33m,[39m[0m
[0m [90m 333 |[39m                                     (existingPendingRequest [33m&&[39m currentUserProfile[33m.[39mrole [33m!==[39m [32m'Admin'[39m) [33m?[39m [32m"bg-muted text-muted-foreground"[39m [33m:[39m [32m"bg-primary hover:bg-primary/90 text-white"[39m[0m
Next.js build worker exited with code: 1 and signal: null


ERROR MESSAGE:
Command failed: next build
 ⚠ Compiled with warnings

./node_modules/require-in-the-middle/index.js
Critical dependency: require function is used in a way in which dependencies cannot be statically extracted

Import trace for requested module:
./node_modules/require-in-the-middle/index.js
./node_modules/@opentelemetry/instrumentation/build/esm/platform/node/instrumentation.js
./node_modules/@opentelemetry/instrumentation/build/esm/platform/node/index.js
./node_modules/@opentelemetry/instrumentation/build/esm/platform/index.js
./node_modules/@opentelemetry/instrumentation/build/esm/index.js
./node_modules/@opentelemetry/sdk-node/build/src/sdk.js
./node_modules/@opentelemetry/sdk-node/build/src/index.js
./node_modules/@genkit-ai/core/lib/tracing/node-telemetry-provider.js
./node_modules/@genkit-ai/core/lib/node.js
./node_modules/genkit/lib/common.js
./node_modules/genkit/lib/index.mjs
./src/ai/genkit.ts
./src/ai/flows/extract-dynamic-form.ts
./src/app/api/extract-dynamic-form/route.ts

Failed to compile.

./src/app/beneficiaries/[beneficiaryId]/page.tsx:330:71
Type error: 'currentUserProfile' is possibly 'null'.

[0m [90m 328 |[39m                             [33m<[39m[33mButton[39m [0m
[0m [90m 329 |[39m                                 onClick[33m=[39m{() [33m=>[39m setIsEditMode([36mtrue[39m)} [0m
[0m[31m[1m>[22m[39m[90m 330 |[39m                                 disabled[33m=[39m{[33m![39m[33m![39mexistingPendingRequest [33m&&[39m currentUserProfile[33m.[39mrole [33m!==[39m [32m'Admin'[39m}[0m
[0m [90m     |[39m                                                                       [31m[1m^[22m[39m[0m
[0m [90m 331 |[39m                                 className[33m=[39m{cn([0m
[0m [90m 332 |[39m                                     [32m"font-bold shadow-md active:scale-95 transition-transform"[39m[33m,[39m[0m
[0m [90m 333 |[39m                                     (existingPendingRequest [33m&&[39m currentUserProfile[33m.[39mrole [33m!==[39m [32m'Admin'[39m) [33m?[39m [32m"bg-muted text-muted-foreground"[39m [33m:[39m [32m"bg-primary hover:bg-primary/90 text-white"[39m[0m
Next.js build worker exited with code: 1 and signal: null
