BUILD FAILURE LOG - 17/5/2026, 1:57:47 am
Version: 2026.05.17.1

STDOUT:
  ▲ Next.js 14.2.35
  - Environments: .env.local, .env

   Creating an optimized production build ...
 ✓ Compiled successfully
   Linting and checking validity of types ...


STDERR:
Failed to compile.

./src/app/portal-login/page.tsx:227:42
Type error: Cannot find name 'AlertTriangle'.

[0m [90m 225 |[39m                                 [33m<[39m[33mdiv[39m className[33m=[39m[32m"mb-6 p-4 bg-amber-50 border border-amber-200 rounded-2xl animate-fade-in text-center space-y-1"[39m[33m>[39m[0m
[0m [90m 226 |[39m                                     [33m<[39m[33mdiv[39m className[33m=[39m[32m"flex items-center justify-center gap-2 text-amber-800 font-bold text-sm"[39m[33m>[39m[0m
[0m[31m[1m>[22m[39m[90m 227 |[39m                                         [33m<[39m[33mAlertTriangle[39m className[33m=[39m[32m"h-5 w-5"[39m [33m/[39m[33m>[39m[0m
[0m [90m     |[39m                                          [31m[1m^[22m[39m[0m
[0m [90m 228 |[39m                                         [33m<[39m[33mspan[39m[33m>[39m[33mPortal[39m [33mOffline[39m[33m<[39m[33m/[39m[33mspan[39m[33m>[39m[0m
[0m [90m 229 |[39m                                     [33m<[39m[33m/[39m[33mdiv[39m[33m>[39m[0m
[0m [90m 230 |[39m                                     [33m<[39m[33mp[39m className[33m=[39m[32m"text-xs text-amber-700 font-medium"[39m[33m>[39m[0m
Next.js build worker exited with code: 1 and signal: null


ERROR MESSAGE:
Command failed: npx next build
Failed to compile.

./src/app/portal-login/page.tsx:227:42
Type error: Cannot find name 'AlertTriangle'.

[0m [90m 225 |[39m                                 [33m<[39m[33mdiv[39m className[33m=[39m[32m"mb-6 p-4 bg-amber-50 border border-amber-200 rounded-2xl animate-fade-in text-center space-y-1"[39m[33m>[39m[0m
[0m [90m 226 |[39m                                     [33m<[39m[33mdiv[39m className[33m=[39m[32m"flex items-center justify-center gap-2 text-amber-800 font-bold text-sm"[39m[33m>[39m[0m
[0m[31m[1m>[22m[39m[90m 227 |[39m                                         [33m<[39m[33mAlertTriangle[39m className[33m=[39m[32m"h-5 w-5"[39m [33m/[39m[33m>[39m[0m
[0m [90m     |[39m                                          [31m[1m^[22m[39m[0m
[0m [90m 228 |[39m                                         [33m<[39m[33mspan[39m[33m>[39m[33mPortal[39m [33mOffline[39m[33m<[39m[33m/[39m[33mspan[39m[33m>[39m[0m
[0m [90m 229 |[39m                                     [33m<[39m[33m/[39m[33mdiv[39m[33m>[39m[0m
[0m [90m 230 |[39m                                     [33m<[39m[33mp[39m className[33m=[39m[32m"text-xs text-amber-700 font-medium"[39m[33m>[39m[0m
Next.js build worker exited with code: 1 and signal: null
