BUILD FAILURE LOG - 3/5/2026, 3:39:24 pm
Version: 2026.05.03.11

STDOUT:
  ▲ Next.js 14.2.35
  - Environments: .env.local, .env

   Creating an optimized production build ...
 ✓ Compiled successfully
   Linting and checking validity of types ...


STDERR:
 ⚠ Compiled with warnings

./node_modules/require-in-the-middle/index.js
Critical dependency: require function is used in a way in which dependencies cannot be statically extracted

Import trace for requested module:
./node_modules/require-in-the-middle/index.js
./node_modules/@opentelemetry/instrumentation/build/esm/platform/node/instrumentation.js
./node_modules/@opentelemetry/instrumentation/build/esm/platform/node/index.js
./node_modules/@opentelemetry/instrumentation/build/esm/platform/index.js
./node_modules/@opentelemetry/instrumentation/build/esm/index.js
./node_modules/@opentelemetry/sdk-node/build/src/sdk.js
./node_modules/@opentelemetry/sdk-node/build/src/index.js
./node_modules/@genkit-ai/core/lib/tracing/node-telemetry-provider.js
./node_modules/@genkit-ai/core/lib/node.js
./node_modules/genkit/lib/common.js
./node_modules/genkit/lib/index.mjs
./src/ai/genkit.ts
./src/ai/flows/create-education-story.ts
./src/app/api/create-education-story/route.ts

Failed to compile.

./src/app/portal-login/page.tsx:167:40
Type error: Cannot find name 'cn'.

[0m [90m 165 |[39m                         [33m<[39m[33mbutton[39m [0m
[0m [90m 166 |[39m                             onClick[33m=[39m{() [33m=>[39m { setWorkspace([32m'Donor'[39m)[33m;[39m setOtpSent([36mfalse[39m)[33m;[39m }}[0m
[0m[31m[1m>[22m[39m[90m 167 |[39m                             className[33m=[39m{cn([0m
[0m [90m     |[39m                                        [31m[1m^[22m[39m[0m
[0m [90m 168 |[39m                                 [32m"flex-1 py-3 text-[10px] font-black uppercase tracking-[0.2em] transition-all rounded-t-2xl"[39m[33m,[39m[0m
[0m [90m 169 |[39m                                 workspace [33m===[39m [32m'Donor'[39m [33m?[39m [32m"bg-white text-primary"[39m [33m:[39m [32m"text-white/40 hover:text-white"[39m[0m
[0m [90m 170 |[39m                             )}[0m
Next.js build worker exited with code: 1 and signal: null


ERROR MESSAGE:
Command failed: next build
 ⚠ Compiled with warnings

./node_modules/require-in-the-middle/index.js
Critical dependency: require function is used in a way in which dependencies cannot be statically extracted

Import trace for requested module:
./node_modules/require-in-the-middle/index.js
./node_modules/@opentelemetry/instrumentation/build/esm/platform/node/instrumentation.js
./node_modules/@opentelemetry/instrumentation/build/esm/platform/node/index.js
./node_modules/@opentelemetry/instrumentation/build/esm/platform/index.js
./node_modules/@opentelemetry/instrumentation/build/esm/index.js
./node_modules/@opentelemetry/sdk-node/build/src/sdk.js
./node_modules/@opentelemetry/sdk-node/build/src/index.js
./node_modules/@genkit-ai/core/lib/tracing/node-telemetry-provider.js
./node_modules/@genkit-ai/core/lib/node.js
./node_modules/genkit/lib/common.js
./node_modules/genkit/lib/index.mjs
./src/ai/genkit.ts
./src/ai/flows/create-education-story.ts
./src/app/api/create-education-story/route.ts

Failed to compile.

./src/app/portal-login/page.tsx:167:40
Type error: Cannot find name 'cn'.

[0m [90m 165 |[39m                         [33m<[39m[33mbutton[39m [0m
[0m [90m 166 |[39m                             onClick[33m=[39m{() [33m=>[39m { setWorkspace([32m'Donor'[39m)[33m;[39m setOtpSent([36mfalse[39m)[33m;[39m }}[0m
[0m[31m[1m>[22m[39m[90m 167 |[39m                             className[33m=[39m{cn([0m
[0m [90m     |[39m                                        [31m[1m^[22m[39m[0m
[0m [90m 168 |[39m                                 [32m"flex-1 py-3 text-[10px] font-black uppercase tracking-[0.2em] transition-all rounded-t-2xl"[39m[33m,[39m[0m
[0m [90m 169 |[39m                                 workspace [33m===[39m [32m'Donor'[39m [33m?[39m [32m"bg-white text-primary"[39m [33m:[39m [32m"text-white/40 hover:text-white"[39m[0m
[0m [90m 170 |[39m                             )}[0m
Next.js build worker exited with code: 1 and signal: null
