BUILD FAILURE LOG - 11/5/2026, 4:14:06 am
Version: 2026.05.11.8

STDOUT:
  ▲ Next.js 14.2.35
  - Environments: .env.local, .env

   Creating an optimized production build ...
 ✓ Compiled successfully
   Linting and checking validity of types ...


STDERR:
Failed to compile.

./src/app/portal-login/actions.ts:115:52
Type error: This comparison appears to be unintentional because the types '"Donor" | "Beneficiary"' and '"Member"' have no overlap.

[0m [90m 113 |[39m         [90m// 7. Determine Final Redirect[39m[0m
[0m [90m 114 |[39m         [36mlet[39m redirect [33m=[39m [32m'/donor-portal'[39m[33m;[39m[0m
[0m[31m[1m>[22m[39m[90m 115 |[39m         [36mif[39m (role [33m===[39m [32m'Admin'[39m [33m||[39m role [33m===[39m [32m'User'[39m [33m||[39m role [33m===[39m [32m'Member'[39m [33m||[39m role [33m===[39m [32m'Staff'[39m) redirect [33m=[39m [32m'/dashboard'[39m[33m;[39m[0m
[0m [90m     |[39m                                                    [31m[1m^[22m[39m[0m
[0m [90m 116 |[39m[0m
[0m [90m 117 |[39m         [36mreturn[39m { [0m
[0m [90m 118 |[39m             success[33m:[39m [36mtrue[39m[33m,[39m [0m
Next.js build worker exited with code: 1 and signal: null


ERROR MESSAGE:
Command failed: npx next build
Failed to compile.

./src/app/portal-login/actions.ts:115:52
Type error: This comparison appears to be unintentional because the types '"Donor" | "Beneficiary"' and '"Member"' have no overlap.

[0m [90m 113 |[39m         [90m// 7. Determine Final Redirect[39m[0m
[0m [90m 114 |[39m         [36mlet[39m redirect [33m=[39m [32m'/donor-portal'[39m[33m;[39m[0m
[0m[31m[1m>[22m[39m[90m 115 |[39m         [36mif[39m (role [33m===[39m [32m'Admin'[39m [33m||[39m role [33m===[39m [32m'User'[39m [33m||[39m role [33m===[39m [32m'Member'[39m [33m||[39m role [33m===[39m [32m'Staff'[39m) redirect [33m=[39m [32m'/dashboard'[39m[33m;[39m[0m
[0m [90m     |[39m                                                    [31m[1m^[22m[39m[0m
[0m [90m 116 |[39m[0m
[0m [90m 117 |[39m         [36mreturn[39m { [0m
[0m [90m 118 |[39m             success[33m:[39m [36mtrue[39m[33m,[39m [0m
Next.js build worker exited with code: 1 and signal: null
