BUILD FAILURE LOG - 7/5/2026, 11:07:47 pm
Version: 2026.05.07.26

STDOUT:
  ▲ Next.js 14.2.35
  - Environments: .env.local, .env

   Creating an optimized production build ...


STDERR:
Failed to compile.

./src/app/page.tsx
Error: 
  [31mx[0m Expression expected
     ,-[[36;1;4mC:\Users\Admin\Documents\baitulamal_2026v1\src\app\page.tsx[0m:127:1]
 [2m127[0m |     const hasCompletedItems = completedTickerItems.length > 0;
 [2m128[0m |     const showTickers = isNewsTickerVisible && !isLoading && (hasActiveItems || hasRecentDonations || hasCompletedItems);
 [2m129[0m | 
 [2m130[0m |     return (<>
     : [31;1m             ^[0m
 [2m131[0m |         <div className="container mx-auto p-4 sm:p-6 lg:p-8 space-y-12 text-primary font-normal relative min-h-screen pb-32 overflow-hidden">
 [2m132[0m |             {/* Background Decorative Elements */}
 [2m133[0m |             <div className="absolute -top-20 -left-20 w-[600px] h-[600px] bg-primary/[0.03] rounded-full blur-[120px] -z-10 animate-pulse" />
     `----

  [31mx[0m Expected ',', got 'className'
     ,-[[36;1;4mC:\Users\Admin\Documents\baitulamal_2026v1\src\app\page.tsx[0m:175:1]
 [2m175[0m |                         </div>
 [2m176[0m |                     </div>
 [2m177[0m |                     
 [2m178[0m |                     <div className="pt-16 animate-bounce">
     : [31;1m                         ^^^^^^^^^[0m
 [2m179[0m |                         <div className="w-px h-16 bg-gradient-to-b from-primary/20 to-transparent mx-auto" />
 [2m180[0m |                     </div>
 [2m181[0m |                 </section>
     `----

Caused by:
    Syntax Error

Import trace for requested module:
./src/app/page.tsx


> Build failed because of webpack errors


ERROR MESSAGE:
Command failed: npx next build
Failed to compile.

./src/app/page.tsx
Error: 
  [31mx[0m Expression expected
     ,-[[36;1;4mC:\Users\Admin\Documents\baitulamal_2026v1\src\app\page.tsx[0m:127:1]
 [2m127[0m |     const hasCompletedItems = completedTickerItems.length > 0;
 [2m128[0m |     const showTickers = isNewsTickerVisible && !isLoading && (hasActiveItems || hasRecentDonations || hasCompletedItems);
 [2m129[0m | 
 [2m130[0m |     return (<>
     : [31;1m             ^[0m
 [2m131[0m |         <div className="container mx-auto p-4 sm:p-6 lg:p-8 space-y-12 text-primary font-normal relative min-h-screen pb-32 overflow-hidden">
 [2m132[0m |             {/* Background Decorative Elements */}
 [2m133[0m |             <div className="absolute -top-20 -left-20 w-[600px] h-[600px] bg-primary/[0.03] rounded-full blur-[120px] -z-10 animate-pulse" />
     `----

  [31mx[0m Expected ',', got 'className'
     ,-[[36;1;4mC:\Users\Admin\Documents\baitulamal_2026v1\src\app\page.tsx[0m:175:1]
 [2m175[0m |                         </div>
 [2m176[0m |                     </div>
 [2m177[0m |                     
 [2m178[0m |                     <div className="pt-16 animate-bounce">
     : [31;1m                         ^^^^^^^^^[0m
 [2m179[0m |                         <div className="w-px h-16 bg-gradient-to-b from-primary/20 to-transparent mx-auto" />
 [2m180[0m |                     </div>
 [2m181[0m |                 </section>
     `----

Caused by:
    Syntax Error

Import trace for requested module:
./src/app/page.tsx


> Build failed because of webpack errors
