BUILD FAILURE LOG - 6/5/2026, 3:15:38 am
Version: 2026.05.06.8

STDOUT:
  ▲ Next.js 14.2.35
  - Environments: .env.local, .env

   Creating an optimized production build ...
 ✓ Compiled successfully
   Linting and checking validity of types ...
   Collecting page data ...


STDERR:
 ⚠ Invalid next.config.js options detected: 
 ⚠     Unrecognized key(s) in object: 'serverExternalPackages'
 ⚠ See more info here: https://nextjs.org/docs/messages/invalid-next-config
 ⚠ Compiled with warnings

./node_modules/require-in-the-middle/index.js
Critical dependency: require function is used in a way in which dependencies cannot be statically extracted

Import trace for requested module:
./node_modules/require-in-the-middle/index.js
./node_modules/@opentelemetry/instrumentation/build/esm/platform/node/instrumentation.js
./node_modules/@opentelemetry/instrumentation/build/esm/platform/node/index.js
./node_modules/@opentelemetry/instrumentation/build/esm/platform/index.js
./node_modules/@opentelemetry/instrumentation/build/esm/index.js
./node_modules/@opentelemetry/sdk-node/build/src/sdk.js
./node_modules/@opentelemetry/sdk-node/build/src/index.js
./node_modules/@genkit-ai/core/lib/tracing/node-telemetry-provider.js
./node_modules/@genkit-ai/core/lib/node.js
./node_modules/genkit/lib/common.js
./node_modules/genkit/lib/index.mjs
./src/ai/genkit.ts
./src/ai/flows/create-lead-story.ts
./src/app/api/create-lead-story/route.ts

unhandledRejection Error [PageNotFoundError]: Cannot find module for page: /_document
    at getPagePath (C:\Users\Admin\Documents\baitulamal_2026v1\node_modules\next\dist\server\require.js:94:15)
    at requirePage (C:\Users\Admin\Documents\baitulamal_2026v1\node_modules\next\dist\server\require.js:99:22)
    at C:\Users\Admin\Documents\baitulamal_2026v1\node_modules\next\dist\server\load-components.js:72:65
    at process.processTicksAndRejections (node:internal/process/task_queues:105:5)
    at async Promise.all (index 0)
    at async loadComponentsImpl (C:\Users\Admin\Documents\baitulamal_2026v1\node_modules\next\dist\server\load-components.js:71:33)
    at async Object.getDefinedNamedExports (C:\Users\Admin\Documents\baitulamal_2026v1\node_modules\next\dist\build\utils.js:1291:24) {
  type: 'PageNotFoundError',
  code: 'ENOENT'
}


ERROR MESSAGE:
Command failed: npx next build
 ⚠ Invalid next.config.js options detected: 
 ⚠     Unrecognized key(s) in object: 'serverExternalPackages'
 ⚠ See more info here: https://nextjs.org/docs/messages/invalid-next-config
 ⚠ Compiled with warnings

./node_modules/require-in-the-middle/index.js
Critical dependency: require function is used in a way in which dependencies cannot be statically extracted

Import trace for requested module:
./node_modules/require-in-the-middle/index.js
./node_modules/@opentelemetry/instrumentation/build/esm/platform/node/instrumentation.js
./node_modules/@opentelemetry/instrumentation/build/esm/platform/node/index.js
./node_modules/@opentelemetry/instrumentation/build/esm/platform/index.js
./node_modules/@opentelemetry/instrumentation/build/esm/index.js
./node_modules/@opentelemetry/sdk-node/build/src/sdk.js
./node_modules/@opentelemetry/sdk-node/build/src/index.js
./node_modules/@genkit-ai/core/lib/tracing/node-telemetry-provider.js
./node_modules/@genkit-ai/core/lib/node.js
./node_modules/genkit/lib/common.js
./node_modules/genkit/lib/index.mjs
./src/ai/genkit.ts
./src/ai/flows/create-lead-story.ts
./src/app/api/create-lead-story/route.ts

unhandledRejection Error [PageNotFoundError]: Cannot find module for page: /_document
    at getPagePath (C:\Users\Admin\Documents\baitulamal_2026v1\node_modules\next\dist\server\require.js:94:15)
    at requirePage (C:\Users\Admin\Documents\baitulamal_2026v1\node_modules\next\dist\server\require.js:99:22)
    at C:\Users\Admin\Documents\baitulamal_2026v1\node_modules\next\dist\server\load-components.js:72:65
    at process.processTicksAndRejections (node:internal/process/task_queues:105:5)
    at async Promise.all (index 0)
    at async loadComponentsImpl (C:\Users\Admin\Documents\baitulamal_2026v1\node_modules\next\dist\server\load-components.js:71:33)
    at async Object.getDefinedNamedExports (C:\Users\Admin\Documents\baitulamal_2026v1\node_modules\next\dist\build\utils.js:1291:24) {
  type: 'PageNotFoundError',
  code: 'ENOENT'
}
